Component: Arm Compiler for Embedded 6.24 Tool: armlink [5f371500]

==============================================================================

Section Cross References

    startup_stm32h533xx.o(STACK) refers (Special) to heapauxi.o(.text) for __use_two_region_memory
    startup_stm32h533xx.o(HEAP) refers (Special) to heapauxi.o(.text) for __use_two_region_memory
    startup_stm32h533xx.o(RESET) refers (Special) to heapauxi.o(.text) for __use_two_region_memory
    startup_stm32h533xx.o(RESET) refers to startup_stm32h533xx.o(STACK) for __initial_sp
    startup_stm32h533xx.o(RESET) refers to startup_stm32h533xx.o(.text) for Reset_Handler
    startup_stm32h533xx.o(RESET) refers to stm32h5xx_it.o(.text.NMI_Handler) for NMI_Handler
    startup_stm32h533xx.o(RESET) refers to stm32h5xx_it.o(.text.HardFault_Handler) for HardFault_Handler
    startup_stm32h533xx.o(RESET) refers to stm32h5xx_it.o(.text.MemManage_Handler) for MemManage_Handler
    startup_stm32h533xx.o(RESET) refers to stm32h5xx_it.o(.text.BusFault_Handler) for BusFault_Handler
    startup_stm32h533xx.o(RESET) refers to stm32h5xx_it.o(.text.UsageFault_Handler) for UsageFault_Handler
    startup_stm32h533xx.o(RESET) refers to stm32h5xx_it.o(.text.SVC_Handler) for SVC_Handler
    startup_stm32h533xx.o(RESET) refers to stm32h5xx_it.o(.text.DebugMon_Handler) for DebugMon_Handler
    startup_stm32h533xx.o(RESET) refers to stm32h5xx_it.o(.text.PendSV_Handler) for PendSV_Handler
    startup_stm32h533xx.o(RESET) refers to stm32h5xx_it.o(.text.SysTick_Handler) for SysTick_Handler
    startup_stm32h533xx.o(RESET) refers to stm32h5xx_it.o(.text.EXTI13_IRQHandler) for EXTI13_IRQHandler
    startup_stm32h533xx.o(RESET) refers to stm32h5xx_it.o(.text.GPDMA1_Channel0_IRQHandler) for GPDMA1_Channel0_IRQHandler
    startup_stm32h533xx.o(.text) refers (Special) to heapauxi.o(.text) for __use_two_region_memory
    startup_stm32h533xx.o(.text) refers to system_stm32h5xx.o(.text.SystemInit) for SystemInit
    startup_stm32h533xx.o(.text) refers to __main.o(!!!main) for __main
    startup_stm32h533xx.o(.text) refers to startup_stm32h533xx.o(HEAP) for Heap_Mem
    startup_stm32h533xx.o(.text) refers to startup_stm32h533xx.o(STACK) for Stack_Mem
    main.o(.text.main) refers to stm32h5xx_hal.o(.text.HAL_Init) for HAL_Init
    main.o(.text.main) refers to main.o(.text.SystemClock_Config) for SystemClock_Config
    main.o(.text.main) refers to stm32h5xx_hal_gpio.o(.text.HAL_GPIO_Init) for HAL_GPIO_Init
    main.o(.text.main) refers to stm32h5xx_hal_cortex.o(.text.HAL_NVIC_SetPriority) for HAL_NVIC_SetPriority
    main.o(.text.main) refers to stm32h5xx_hal_cortex.o(.text.HAL_NVIC_EnableIRQ) for HAL_NVIC_EnableIRQ
    main.o(.text.main) refers to stm32h5xx_hal_icache.o(.text.HAL_ICACHE_Enable) for HAL_ICACHE_Enable
    main.o(.text.main) refers to main.o(.bss.hadc1) for hadc1
    main.o(.text.main) refers to stm32h5xx_hal_adc.o(.text.HAL_ADC_Init) for HAL_ADC_Init
    main.o(.text.main) refers to stm32h5xx_hal_adc.o(.text.HAL_ADC_ConfigChannel) for HAL_ADC_ConfigChannel
    main.o(.text.main) refers to main.o(.bss..L_MergedGlobals) for .L_MergedGlobals
    main.o(.text.main) refers to stm32h5xx_hal_tim.o(.text.HAL_TIM_Base_Init) for HAL_TIM_Base_Init
    main.o(.text.main) refers to stm32h5xx_hal_tim_ex.o(.text.HAL_TIMEx_MasterConfigSynchronization) for HAL_TIMEx_MasterConfigSynchronization
    main.o(.text.main) refers to main.o(.bss.hpcd_USB_DRD_FS) for hpcd_USB_DRD_FS
    main.o(.text.main) refers to stm32h5xx_hal_pcd.o(.text.HAL_PCD_Init) for HAL_PCD_Init
    main.o(.text.main) refers to stm32h5xx_hal_tim.o(.text.HAL_TIM_Base_Start) for HAL_TIM_Base_Start
    main.o(.text.main) refers to stm32h5xx_hal_adc.o(.text.HAL_ADC_Start_DMA) for HAL_ADC_Start_DMA
    main.o(.text.main) refers to stm32h5xx_nucleo.o(.text.BSP_LED_Init) for BSP_LED_Init
    main.o(.text.main) refers to stm32h5xx_nucleo.o(.text.BSP_PB_Init) for BSP_PB_Init
    main.o(.text.main) refers to stm32h5xx_nucleo.o(.text.BSP_COM_Init) for BSP_COM_Init
    main.o(.ARM.exidx.text.main) refers to main.o(.text.main) for [Anonymous Symbol]
    main.o(.text.SystemClock_Config) refers to rt_memclr_w.o(.text) for __aeabi_memclr4
    main.o(.text.SystemClock_Config) refers to stm32h5xx_hal_rcc.o(.text.HAL_RCC_OscConfig) for HAL_RCC_OscConfig
    main.o(.text.SystemClock_Config) refers to stm32h5xx_hal_rcc.o(.text.HAL_RCC_ClockConfig) for HAL_RCC_ClockConfig
    main.o(.ARM.exidx.text.SystemClock_Config) refers to main.o(.text.SystemClock_Config) for [Anonymous Symbol]
    main.o(.ARM.exidx.text.Error_Handler) refers to main.o(.text.Error_Handler) for [Anonymous Symbol]
    stm32h5xx_it.o(.ARM.exidx.text.NMI_Handler) refers to stm32h5xx_it.o(.text.NMI_Handler) for [Anonymous Symbol]
    stm32h5xx_it.o(.ARM.exidx.text.HardFault_Handler) refers to stm32h5xx_it.o(.text.HardFault_Handler) for [Anonymous Symbol]
[...]
    Removing stm32h5xx_hal_pwr_ex.o(.ARM.exidx.text.HAL_PWREx_DisableWakeUpPin), (8 bytes).
    Removing stm32h5xx_hal_pwr_ex.o(.text.HAL_PWREx_EnableFlashPowerDown), (18 bytes).
    Removing stm32h5xx_hal_pwr_ex.o(.ARM.exidx.text.HAL_PWREx_EnableFlashPowerDown), (8 bytes).
    Removing stm32h5xx_hal_pwr_ex.o(.text.HAL_PWREx_DisableFlashPowerDown), (18 bytes).
    Removing stm32h5xx_hal_pwr_ex.o(.ARM.exidx.text.HAL_PWREx_DisableFlashPowerDown), (8 bytes).
    Removing stm32h5xx_hal_pwr_ex.o(.text.HAL_PWREx_EnableMemoryShutOff), (16 bytes).
    Removing stm32h5xx_hal_pwr_ex.o(.ARM.exidx.text.HAL_PWREx_EnableMemoryShutOff), (8 bytes).
    Removing stm32h5xx_hal_pwr_ex.o(.text.HAL_PWREx_DisableMemoryShutOff), (18 bytes).
    Removing stm32h5xx_hal_pwr_ex.o(.ARM.exidx.text.HAL_PWREx_DisableMemoryShutOff), (8 bytes).
    Removing stm32h5xx_hal_pwr_ex.o(.text.HAL_PWREx_EnableBkupRAMRetention), (20 bytes).
    Removing stm32h5xx_hal_pwr_ex.o(.ARM.exidx.text.HAL_PWREx_EnableBkupRAMRetention), (8 bytes).
    Removing stm32h5xx_hal_pwr_ex.o(.text.HAL_PWREx_DisableBkupRAMRetention), (18 bytes).
    Removing stm32h5xx_hal_pwr_ex.o(.ARM.exidx.text.HAL_PWREx_DisableBkupRAMRetention), (8 bytes).
    Removing stm32h5xx_hal_pwr_ex.o(.text.HAL_PWREx_EnableStandbyIORetention), (18 bytes).
    Removing stm32h5xx_hal_pwr_ex.o(.ARM.exidx.text.HAL_PWREx_EnableStandbyIORetention), (8 bytes).
    Removing stm32h5xx_hal_pwr_ex.o(.text.HAL_PWREx_DisableStandbyIORetention), (18 bytes).
    Removing stm32h5xx_hal_pwr_ex.o(.ARM.exidx.text.HAL_PWREx_DisableStandbyIORetention), (8 bytes).
    Removing stm32h5xx_hal_pwr_ex.o(.text.HAL_PWREx_EnableStandbyJTAGIORetention), (18 bytes).
    Removing stm32h5xx_hal_pwr_ex.o(.ARM.exidx.text.HAL_PWREx_EnableStandbyJTAGIORetention), (8 bytes).
    Removing stm32h5xx_hal_pwr_ex.o(.text.HAL_PWREx_DisableStandbyJTAGIORetention), (18 bytes).
    Removing stm32h5xx_hal_pwr_ex.o(.ARM.exidx.text.HAL_PWREx_DisableStandbyJTAGIORetention), (8 bytes).
    Removing stm32h5xx_hal_cortex.o(.text), (0 bytes).
    Removing stm32h5xx_hal_cortex.o(.ARM.exidx.text.HAL_NVIC_SetPriorityGrouping), (8 bytes).
    Removing stm32h5xx_hal_cortex.o(.ARM.exidx.text.HAL_NVIC_SetPriority), (8 bytes).
    Removing stm32h5xx_hal_cortex.o(.ARM.exidx.text.HAL_NVIC_EnableIRQ), (8 bytes).
    Removing stm32h5xx_hal_cortex.o(.text.HAL_NVIC_DisableIRQ), (42 bytes).
    Removing stm32h5xx_hal_cortex.o(.ARM.exidx.text.HAL_NVIC_DisableIRQ), (8 bytes).
    Removing stm32h5xx_hal_cortex.o(.text.HAL_NVIC_SystemReset), (4 bytes).
    Removing stm32h5xx_hal_cortex.o(.ARM.exidx.text.HAL_NVIC_SystemReset), (8 bytes).
    Removing stm32h5xx_hal_cortex.o(.text.__NVIC_SystemReset), (42 bytes).
    Removing stm32h5xx_hal_cortex.o(.ARM.exidx.text.__NVIC_SystemReset), (8 bytes).
    Removing stm32h5xx_hal_cortex.o(.text.HAL_NVIC_GetPriorityGrouping), (16 bytes).
    Removing stm32h5xx_hal_cortex.o(.ARM.exidx.text.HAL_NVIC_GetPriorityGrouping), (8 bytes).
    Removing stm32h5xx_hal_cortex.o(.text.HAL_NVIC_GetPriority), (88 bytes).
    Removing stm32h5xx_hal_cortex.o(.ARM.exidx.text.HAL_NVIC_GetPriority), (8 bytes).
    Removing stm32h5xx_hal_cortex.o(.text.HAL_NVIC_SetPendingIRQ), (34 bytes).
    Removing stm32h5xx_hal_cortex.o(.ARM.exidx.text.HAL_NVIC_SetPendingIRQ), (8 bytes).
    Removing stm32h5xx_hal_cortex.o(.text.HAL_NVIC_GetPendingIRQ), (38 bytes).
    Removing stm32h5xx_hal_cortex.o(.ARM.exidx.text.HAL_NVIC_GetPendingIRQ), (8 bytes).
    Removing stm32h5xx_hal_cortex.o(.text.HAL_NVIC_ClearPendingIRQ), (34 bytes).
    Removing stm32h5xx_hal_cortex.o(.ARM.exidx.text.HAL_NVIC_ClearPendingIRQ), (8 bytes).
    Removing stm32h5xx_hal_cortex.o(.text.HAL_NVIC_GetActive), (38 bytes).
    Removing stm32h5xx_hal_cortex.o(.ARM.exidx.text.HAL_NVIC_GetActive), (8 bytes).
    Removing stm32h5xx_hal_cortex.o(.ARM.exidx.text.HAL_SYSTICK_Config), (8 bytes).
    Removing stm32h5xx_hal_cortex.o(.ARM.exidx.text.HAL_SYSTICK_CLKSourceConfig), (8 bytes).
    Removing stm32h5xx_hal_cortex.o(.ARM.exidx.text.HAL_SYSTICK_GetCLKSourceConfig), (8 bytes).
    Removing stm32h5xx_hal_cortex.o(.text.HAL_SYSTICK_IRQHandler), (4 bytes).
    Removing stm32h5xx_hal_cortex.o(.ARM.exidx.text.HAL_SYSTICK_IRQHandler), (8 bytes).
    Removing stm32h5xx_hal_cortex.o(.text.HAL_SYSTICK_Callback), (2 bytes).
    Removing stm32h5xx_hal_cortex.o(.ARM.exidx.text.HAL_SYSTICK_Callback), (8 bytes).
    Removing stm32h5xx_hal_cortex.o(.text.HAL_MPU_Enable), (36 bytes).
    Removing stm32h5xx_hal_cortex.o(.ARM.exidx.text.HAL_MPU_Enable), (8 bytes).
    Removing stm32h5xx_hal_cortex.o(.text.HAL_MPU_Disable), (38 bytes).
    Removing stm32h5xx_hal_cortex.o(.ARM.exidx.text.HAL_MPU_Disable), (8 bytes).
    Removing stm32h5xx_hal_cortex.o(.text.HAL_MPU_EnableRegion), (22 bytes).
    Removing stm32h5xx_hal_cortex.o(.ARM.exidx.text.HAL_MPU_EnableRegion), (8 bytes).
    Removing stm32h5xx_hal_cortex.o(.text.HAL_MPU_DisableRegion), (22 bytes).
    Removing stm32h5xx_hal_cortex.o(.ARM.exidx.text.HAL_MPU_DisableRegion), (8 bytes).
    Removing stm32h5xx_hal_cortex.o(.text.HAL_MPU_ConfigRegion), (76 bytes).
    Removing stm32h5xx_hal_cortex.o(.ARM.exidx.text.HAL_MPU_ConfigRegion), (8 bytes).
    Removing stm32h5xx_hal_cortex.o(.text.HAL_MPU_ConfigMemoryAttributes), (62 bytes).
    Removing stm32h5xx_hal_cortex.o(.ARM.exidx.text.HAL_MPU_ConfigMemoryAttributes), (8 bytes).
    Removing stm32h5xx_hal.o(.text), (0 bytes).
    Removing stm32h5xx_hal.o(.ARM.exidx.text.HAL_Init), (8 bytes).
    Removing stm32h5xx_hal.o(.ARM.exidx.text.HAL_InitTick), (8 bytes).
    Removing stm32h5xx_hal.o(.text.HAL_MspInit), (2 bytes).
    Removing stm32h5xx_hal.o(.ARM.exidx.text.HAL_MspInit), (8 bytes).
    Removing stm32h5xx_hal.o(.text.HAL_DeInit), (104 bytes).
    Removing stm32h5xx_hal.o(.ARM.exidx.text.HAL_DeInit), (8 bytes).
    Removing stm32h5xx_hal.o(.text.HAL_MspDeInit), (2 bytes).
    Removing stm32h5xx_hal.o(.ARM.exidx.text.HAL_MspDeInit), (8 bytes).
    Removing stm32h5xx_hal.o(.ARM.exidx.text.HAL_IncTick), (8 bytes).
    Removing stm32h5xx_hal.o(.ARM.exidx.text.HAL_GetTick), (8 bytes).
    Removing stm32h5xx_hal.o(.text.HAL_GetTickPrio), (12 bytes).
    Removing stm32h5xx_hal.o(.ARM.exidx.text.HAL_GetTickPrio), (8 bytes).
    Removing stm32h5xx_hal.o(.text.HAL_SetTickFreq), (38 bytes).
    Removing stm32h5xx_hal.o(.ARM.exidx.text.HAL_SetTickFreq), (8 bytes).
    Removing stm32h5xx_hal.o(.text.HAL_GetTickFreq), (12 bytes).
    Removing stm32h5xx_hal.o(.ARM.exidx.text.HAL_GetTickFreq), (8 bytes).
    Removing stm32h5xx_hal.o(.text.HAL_Delay), (40 bytes).
    Removing stm32h5xx_hal.o(.ARM.exidx.text.HAL_Delay), (8 bytes).
    Removing stm32h5xx_hal.o(.text.HAL_SuspendTick), (18 bytes).
    Removing stm32h5xx_hal.o(.ARM.exidx.text.HAL_SuspendTick), (8 bytes).
    Removing stm32h5xx_hal.o(.text.HAL_ResumeTick), (18 bytes).
    Removing stm32h5xx_hal.o(.ARM.exidx.text.HAL_ResumeTick), (8 bytes).
    Removing stm32h5xx_hal.o(.text.HAL_GetHalVersion), (8 bytes).
    Removing stm32h5xx_hal.o(.ARM.exidx.text.HAL_GetHalVersion), (8 bytes).
    Removing stm32h5xx_hal.o(.text.HAL_GetREVID), (14 bytes).
    Removing stm32h5xx_hal.o(.ARM.exidx.text.HAL_GetREVID), (8 bytes).
    Removing stm32h5xx_hal.o(.text.HAL_GetDEVID), (16 bytes).
    Removing stm32h5xx_hal.o(.ARM.exidx.text.HAL_GetDEVID), (8 bytes).
    Removing stm32h5xx_hal.o(.text.HAL_GetUIDw0), (12 bytes).
    Removing stm32h5xx_hal.o(.ARM.exidx.text.HAL_GetUIDw0), (8 bytes).
    Removing stm32h5xx_hal.o(.text.HAL_GetUIDw1), (12 bytes).
    Removing stm32h5xx_hal.o(.ARM.exidx.text.HAL_GetUIDw1), (8 bytes).
    Removing stm32h5xx_hal.o(.text.HAL_GetUIDw2), (12 bytes).
    Removing stm32h5xx_hal.o(.ARM.exidx.text.HAL_GetUIDw2), (8 bytes).
    Removing stm32h5xx_hal.o(.text.HAL_DBGMCU_EnableDBGStopMode), (18 bytes).
    Removing stm32h5xx_hal.o(.ARM.exidx.text.HAL_DBGMCU_EnableDBGStopMode), (8 bytes).
    Removing stm32h5xx_hal.o(.text.HAL_DBGMCU_DisableDBGStopMode), (18 bytes).
    Removing stm32h5xx_hal.o(.ARM.exidx.text.HAL_DBGMCU_DisableDBGStopMode), (8 bytes).
    Removing stm32h5xx_hal.o(.text.HAL_DBGMCU_EnableDBGStandbyMode), (18 bytes).
    Removing stm32h5xx_hal.o(.ARM.exidx.text.HAL_DBGMCU_EnableDBGStandbyMode), (8 bytes).
    Removing stm32h5xx_hal.o(.text.HAL_DBGMCU_DisableDBGStandbyMode), (18 bytes).
    Removing stm32h5xx_hal.o(.ARM.exidx.text.HAL_DBGMCU_DisableDBGStandbyMode), (8 bytes).
    Removing stm32h5xx_hal.o(.text.HAL_VREFBUF_VoltageScalingConfig), (20 bytes).
    Removing stm32h5xx_hal.o(.ARM.exidx.text.HAL_VREFBUF_VoltageScalingConfig), (8 bytes).
    Removing stm32h5xx_hal.o(.text.HAL_VREFBUF_HighImpedanceConfig), (20 bytes).
    Removing stm32h5xx_hal.o(.ARM.exidx.text.HAL_VREFBUF_HighImpedanceConfig), (8 bytes).
    Removing stm32h5xx_hal.o(.text.HAL_VREFBUF_TrimmingConfig), (20 bytes).
    Removing stm32h5xx_hal.o(.ARM.exidx.text.HAL_VREFBUF_TrimmingConfig), (8 bytes).
    Removing stm32h5xx_hal.o(.text.HAL_EnableVREFBUF), (50 bytes).
    Removing stm32h5xx_hal.o(.ARM.exidx.text.HAL_EnableVREFBUF), (8 bytes).
    Removing stm32h5xx_hal.o(.text.HAL_DisableVREFBUF), (18 bytes).
    Removing stm32h5xx_hal.o(.ARM.exidx.text.HAL_DisableVREFBUF), (8 bytes).
    Removing stm32h5xx_hal.o(.text.HAL_SBS_EnableVddIO1CompensationCell), (18 bytes).
    Removing stm32h5xx_hal.o(.ARM.exidx.text.HAL_SBS_EnableVddIO1CompensationCell), (8 bytes).
    Removing stm32h5xx_hal.o(.text.HAL_SBS_DisableVddIO1CompensationCell), (18 bytes).
    Removing stm32h5xx_hal.o(.ARM.exidx.text.HAL_SBS_DisableVddIO1CompensationCell), (8 bytes).
    Removing stm32h5xx_hal.o(.text.HAL_SBS_EnableVddIO2CompensationCell), (18 bytes).
    Removing stm32h5xx_hal.o(.ARM.exidx.text.HAL_SBS_EnableVddIO2CompensationCell), (8 bytes).
    Removing stm32h5xx_hal.o(.text.HAL_SBS_DisableVddIO2CompensationCell), (18 bytes).
    Removing stm32h5xx_hal.o(.ARM.exidx.text.HAL_SBS_DisableVddIO2CompensationCell), (8 bytes).
    Removing stm32h5xx_hal.o(.text.HAL_SBS_VDDCompensationCodeSelect), (20 bytes).
    Removing stm32h5xx_hal.o(.ARM.exidx.text.HAL_SBS_VDDCompensationCodeSelect), (8 bytes).
    Removing stm32h5xx_hal.o(.text.HAL_SBS_VDDIOCompensationCodeSelect), (20 bytes).
    Removing stm32h5xx_hal.o(.ARM.exidx.text.HAL_SBS_VDDIOCompensationCodeSelect), (8 bytes).
    Removing stm32h5xx_hal.o(.text.HAL_SBS_GetVddIO1CompensationCellReadyFlag), (16 bytes).
    Removing stm32h5xx_hal.o(.ARM.exidx.text.HAL_SBS_GetVddIO1CompensationCellReadyFlag), (8 bytes).
    Removing stm32h5xx_hal.o(.text.HAL_SBS_GetVddIO2CompensationCellReadyFlag), (16 bytes).
    Removing stm32h5xx_hal.o(.ARM.exidx.text.HAL_SBS_GetVddIO2CompensationCellReadyFlag), (8 bytes).
    Removing stm32h5xx_hal.o(.text.HAL_SBS_VDDCompensationCodeConfig), (24 bytes).
    Removing stm32h5xx_hal.o(.ARM.exidx.text.HAL_SBS_VDDCompensationCodeConfig), (8 bytes).
    Removing stm32h5xx_hal.o(.text.HAL_SBS_VDDIOCompensationCodeConfig), (26 bytes).
    Removing stm32h5xx_hal.o(.ARM.exidx.text.HAL_SBS_VDDIOCompensationCodeConfig), (8 bytes).
    Removing stm32h5xx_hal.o(.text.HAL_SBS_GetNMOSVddCompensationValue), (16 bytes).
    Removing stm32h5xx_hal.o(.ARM.exidx.text.HAL_SBS_GetNMOSVddCompensationValue), (8 bytes).
    Removing stm32h5xx_hal.o(.text.HAL_SBS_GetPMOSVddCompensationValue), (16 bytes).
    Removing stm32h5xx_hal.o(.ARM.exidx.text.HAL_SBS_GetPMOSVddCompensationValue), (8 bytes).
    Removing stm32h5xx_hal.o(.text.HAL_SBS_GetNMOSVddIO2CompensationValue), (16 bytes).
    Removing stm32h5xx_hal.o(.ARM.exidx.text.HAL_SBS_GetNMOSVddIO2CompensationValue), (8 bytes).
    Removing stm32h5xx_hal.o(.text.HAL_SBS_GetPMOSVddIO2CompensationValue), (16 bytes).
    Removing stm32h5xx_hal.o(.ARM.exidx.text.HAL_SBS_GetPMOSVddIO2CompensationValue), (8 bytes).
    Removing stm32h5xx_hal.o(.text.HAL_SBS_FLASH_DisableECCNMI), (18 bytes).
    Removing stm32h5xx_hal.o(.ARM.exidx.text.HAL_SBS_FLASH_DisableECCNMI), (8 bytes).
    Removing stm32h5xx_hal.o(.text.HAL_SBS_FLASH_EnableECCNMI), (18 bytes).
    Removing stm32h5xx_hal.o(.ARM.exidx.text.HAL_SBS_FLASH_EnableECCNMI), (8 bytes).
    Removing stm32h5xx_hal.o(.text.HAL_SBS_FLASH_ECCNMI_IsDisabled), (16 bytes).
    Removing stm32h5xx_hal.o(.ARM.exidx.text.HAL_SBS_FLASH_ECCNMI_IsDisabled), (8 bytes).
    Removing stm32h5xx_hal.o(.text.HAL_SBS_IncrementHDPLValue), (20 bytes).
    Removing stm32h5xx_hal.o(.ARM.exidx.text.HAL_SBS_IncrementHDPLValue), (8 bytes).
    Removing stm32h5xx_hal.o(.text.HAL_SBS_GetHDPLValue), (14 bytes).
    Removing stm32h5xx_hal.o(.ARM.exidx.text.HAL_SBS_GetHDPLValue), (8 bytes).
    Removing stm32h5xx_hal.o(.text.HAL_SBS_EPOCHSelection), (20 bytes).
    Removing stm32h5xx_hal.o(.ARM.exidx.text.HAL_SBS_EPOCHSelection), (8 bytes).
    Removing stm32h5xx_hal.o(.text.HAL_SBS_GetEPOCHSelection), (16 bytes).
    Removing stm32h5xx_hal.o(.ARM.exidx.text.HAL_SBS_GetEPOCHSelection), (8 bytes).
    Removing stm32h5xx_hal.o(.text.HAL_SBS_SetOBKHDPL), (20 bytes).
    Removing stm32h5xx_hal.o(.ARM.exidx.text.HAL_SBS_SetOBKHDPL), (8 bytes).
    Removing stm32h5xx_hal.o(.text.HAL_SBS_GetOBKHDPL), (16 bytes).
    Removing stm32h5xx_hal.o(.ARM.exidx.text.HAL_SBS_GetOBKHDPL), (8 bytes).
    Removing stm32h5xx_hal.o(.text.HAL_SBS_OpenAccessPort), (20 bytes).
    Removing stm32h5xx_hal.o(.ARM.exidx.text.HAL_SBS_OpenAccessPort), (8 bytes).
    Removing stm32h5xx_hal.o(.text.HAL_SBS_OpenDebug), (20 bytes).
    Removing stm32h5xx_hal.o(.ARM.exidx.text.HAL_SBS_OpenDebug), (8 bytes).
    Removing stm32h5xx_hal.o(.text.HAL_SBS_ConfigDebugLevel), (32 bytes).
    Removing stm32h5xx_hal.o(.ARM.exidx.text.HAL_SBS_ConfigDebugLevel), (8 bytes).
    Removing stm32h5xx_hal.o(.text.HAL_SBS_GetDebugLevel), (16 bytes).
    Removing stm32h5xx_hal.o(.ARM.exidx.text.HAL_SBS_GetDebugLevel), (8 bytes).
    Removing stm32h5xx_hal.o(.text.HAL_SBS_LockDebugConfig), (20 bytes).
    Removing stm32h5xx_hal.o(.ARM.exidx.text.HAL_SBS_LockDebugConfig), (8 bytes).
    Removing stm32h5xx_hal.o(.text.HAL_SBS_ConfigDebugSecurity), (22 bytes).
    Removing stm32h5xx_hal.o(.ARM.exidx.text.HAL_SBS_ConfigDebugSecurity), (8 bytes).
    Removing stm32h5xx_hal.o(.text.HAL_SBS_GetDebugSecurity), (14 bytes).
    Removing stm32h5xx_hal.o(.ARM.exidx.text.HAL_SBS_GetDebugSecurity), (8 bytes).
    Removing stm32h5xx_hal.o(.text.HAL_SBS_Lock), (14 bytes).
    Removing stm32h5xx_hal.o(.ARM.exidx.text.HAL_SBS_Lock), (8 bytes).
    Removing stm32h5xx_hal.o(.text.HAL_SBS_GetLock), (24 bytes).
    Removing stm32h5xx_hal.o(.ARM.exidx.text.HAL_SBS_GetLock), (8 bytes).
    Removing stm32h5xx_hal_exti.o(.text), (0 bytes).
    Removing stm32h5xx_hal_exti.o(.text.HAL_EXTI_SetConfigLine), (200 bytes).
    Removing stm32h5xx_hal_exti.o(.ARM.exidx.text.HAL_EXTI_SetConfigLine), (8 bytes).
    Removing stm32h5xx_hal_exti.o(.text.HAL_EXTI_GetConfigLine), (164 bytes).
    Removing stm32h5xx_hal_exti.o(.ARM.exidx.text.HAL_EXTI_GetConfigLine), (8 bytes).
    Removing stm32h5xx_hal_exti.o(.text.HAL_EXTI_ClearConfigLine), (132 bytes).
    Removing stm32h5xx_hal_exti.o(.ARM.exidx.text.HAL_EXTI_ClearConfigLine), (8 bytes).
    Removing stm32h5xx_hal_exti.o(.ARM.exidx.text.HAL_EXTI_RegisterCallback), (8 bytes).
    Removing stm32h5xx_hal_exti.o(.ARM.exidx.text.HAL_EXTI_GetHandle), (8 bytes).
    Removing stm32h5xx_hal_exti.o(.ARM.exidx.text.HAL_EXTI_IRQHandler), (8 bytes).
    Removing stm32h5xx_hal_exti.o(.text.HAL_EXTI_GetPending), (48 bytes).
    Removing stm32h5xx_hal_exti.o(.ARM.exidx.text.HAL_EXTI_GetPending), (8 bytes).
    Removing stm32h5xx_hal_exti.o(.text.HAL_EXTI_ClearPending), (46 bytes).
    Removing stm32h5xx_hal_exti.o(.ARM.exidx.text.HAL_EXTI_ClearPending), (8 bytes).
    Removing stm32h5xx_hal_exti.o(.text.HAL_EXTI_GenerateSWI), (30 bytes).
    Removing stm32h5xx_hal_exti.o(.ARM.exidx.text.HAL_EXTI_GenerateSWI), (8 bytes).
    Removing stm32h5xx_hal_exti.o(.text.HAL_EXTI_ConfigLineAttributes), (64 bytes).
    Removing stm32h5xx_hal_exti.o(.ARM.exidx.text.HAL_EXTI_ConfigLineAttributes), (8 bytes).
    Removing stm32h5xx_hal_exti.o(.text.HAL_EXTI_GetConfigLineAttributes), (50 bytes).
    Removing stm32h5xx_hal_exti.o(.ARM.exidx.text.HAL_EXTI_GetConfigLineAttributes), (8 bytes).
    Removing stm32h5xx_hal_icache.o(.text), (0 bytes).
    Removing stm32h5xx_hal_icache.o(.text.HAL_ICACHE_ConfigAssociativityMode), (32 bytes).
    Removing stm32h5xx_hal_icache.o(.ARM.exidx.text.HAL_ICACHE_ConfigAssociativityMode), (8 bytes).
    Removing stm32h5xx_hal_icache.o(.text.HAL_ICACHE_DeInit), (68 bytes).
    Removing stm32h5xx_hal_icache.o(.ARM.exidx.text.HAL_ICACHE_DeInit), (8 bytes).
    Removing stm32h5xx_hal_icache.o(.ARM.exidx.text.HAL_ICACHE_Enable), (8 bytes).
    Removing stm32h5xx_hal_icache.o(.text.HAL_ICACHE_Disable), (68 bytes).
    Removing stm32h5xx_hal_icache.o(.ARM.exidx.text.HAL_ICACHE_Disable), (8 bytes).
    Removing stm32h5xx_hal_icache.o(.text.HAL_ICACHE_IsEnabled), (16 bytes).
    Removing stm32h5xx_hal_icache.o(.ARM.exidx.text.HAL_ICACHE_IsEnabled), (8 bytes).
    Removing stm32h5xx_hal_icache.o(.text.HAL_ICACHE_Invalidate), (88 bytes).
    Removing stm32h5xx_hal_icache.o(.ARM.exidx.text.HAL_ICACHE_Invalidate), (8 bytes).
    Removing stm32h5xx_hal_icache.o(.text.HAL_ICACHE_WaitForInvalidateComplete), (72 bytes).
    Removing stm32h5xx_hal_icache.o(.ARM.exidx.text.HAL_ICACHE_WaitForInvalidateComplete), (8 bytes).
    Removing stm32h5xx_hal_icache.o(.text.HAL_ICACHE_Invalidate_IT), (42 bytes).
    Removing stm32h5xx_hal_icache.o(.ARM.exidx.text.HAL_ICACHE_Invalidate_IT), (8 bytes).
    Removing stm32h5xx_hal_icache.o(.text.HAL_ICACHE_Monitor_Start), (18 bytes).
    Removing stm32h5xx_hal_icache.o(.ARM.exidx.text.HAL_ICACHE_Monitor_Start), (8 bytes).
    Removing stm32h5xx_hal_icache.o(.text.HAL_ICACHE_Monitor_Stop), (18 bytes).
    Removing stm32h5xx_hal_icache.o(.ARM.exidx.text.HAL_ICACHE_Monitor_Stop), (8 bytes).
    Removing stm32h5xx_hal_icache.o(.text.HAL_ICACHE_Monitor_Reset), (28 bytes).
    Removing stm32h5xx_hal_icache.o(.ARM.exidx.text.HAL_ICACHE_Monitor_Reset), (8 bytes).
    Removing stm32h5xx_hal_icache.o(.text.HAL_ICACHE_Monitor_GetHitValue), (12 bytes).
    Removing stm32h5xx_hal_icache.o(.ARM.exidx.text.HAL_ICACHE_Monitor_GetHitValue), (8 bytes).
    Removing stm32h5xx_hal_icache.o(.text.HAL_ICACHE_Monitor_GetMissValue), (12 bytes).
    Removing stm32h5xx_hal_icache.o(.ARM.exidx.text.HAL_ICACHE_Monitor_GetMissValue), (8 bytes).
    Removing stm32h5xx_hal_icache.o(.text.HAL_ICACHE_IRQHandler), (66 bytes).
    Removing stm32h5xx_hal_icache.o(.ARM.exidx.text.HAL_ICACHE_IRQHandler), (8 bytes).
    Removing stm32h5xx_hal_icache.o(.text.HAL_ICACHE_ErrorCallback), (2 bytes).
    Removing stm32h5xx_hal_icache.o(.ARM.exidx.text.HAL_ICACHE_ErrorCallback), (8 bytes).
    Removing stm32h5xx_hal_icache.o(.text.HAL_ICACHE_InvalidateCompleteCallback), (2 bytes).
    Removing stm32h5xx_hal_icache.o(.ARM.exidx.text.HAL_ICACHE_InvalidateCompleteCallback), (8 bytes).
    Removing stm32h5xx_hal_icache.o(.text.HAL_ICACHE_EnableRemapRegion), (76 bytes).
    Removing stm32h5xx_hal_icache.o(.ARM.exidx.text.HAL_ICACHE_EnableRemapRegion), (8 bytes).
    Removing stm32h5xx_hal_icache.o(.text.HAL_ICACHE_DisableRemapRegion), (34 bytes).
    Removing stm32h5xx_hal_icache.o(.ARM.exidx.text.HAL_ICACHE_DisableRemapRegion), (8 bytes).
    Removing stm32h5xx_hal_tim.o(.text), (0 bytes).
    Removing stm32h5xx_hal_tim.o(.ARM.exidx.text.HAL_TIM_Base_Init), (8 bytes).
    Removing stm32h5xx_hal_tim.o(.text.HAL_TIM_Base_MspInit), (2 bytes).
    Removing stm32h5xx_hal_tim.o(.ARM.exidx.text.HAL_TIM_Base_MspInit), (8 bytes).
    Removing stm32h5xx_hal_tim.o(.ARM.exidx.text.TIM_Base_SetConfig), (8 bytes).
    Removing stm32h5xx_hal_tim.o(.text.HAL_TIM_Base_DeInit), (104 bytes).
    Removing stm32h5xx_hal_tim.o(.ARM.exidx.text.HAL_TIM_Base_DeInit), (8 bytes).
    Removing stm32h5xx_hal_tim.o(.text.HAL_TIM_Base_MspDeInit), (2 bytes).
    Removing stm32h5xx_hal_tim.o(.ARM.exidx.text.HAL_TIM_Base_MspDeInit), (8 bytes).
    Removing stm32h5xx_hal_tim.o(.ARM.exidx.text.HAL_TIM_Base_Start), (8 bytes).
    Removing stm32h5xx_hal_tim.o(.text.HAL_TIM_Base_Stop), (52 bytes).
    Removing stm32h5xx_hal_tim.o(.ARM.exidx.text.HAL_TIM_Base_Stop), (8 bytes).
    Removing stm32h5xx_hal_tim.o(.text.HAL_TIM_Base_Start_IT), (320 bytes).
    Removing stm32h5xx_hal_tim.o(.ARM.exidx.text.HAL_TIM_Base_Start_IT), (8 bytes).
    Removing stm32h5xx_hal_tim.o(.text.HAL_TIM_Base_Stop_IT), (60 bytes).
    Removing stm32h5xx_hal_tim.o(.ARM.exidx.text.HAL_TIM_Base_Stop_IT), (8 bytes).
    Removing stm32h5xx_hal_tim.o(.text.HAL_TIM_Base_Start_DMA), (444 bytes).
    Removing stm32h5xx_hal_tim.o(.ARM.exidx.text.HAL_TIM_Base_Start_DMA), (8 bytes).
    Removing stm32h5xx_hal_tim.o(.text.TIM_DMAPeriodElapsedCplt), (6 bytes).
    Removing stm32h5xx_hal_tim.o(.ARM.exidx.text.TIM_DMAPeriodElapsedCplt), (8 bytes).
    Removing stm32h5xx_hal_tim.o(.text.TIM_DMAPeriodElapsedHalfCplt), (6 bytes).
    Removing stm32h5xx_hal_tim.o(.ARM.exidx.text.TIM_DMAPeriodElapsedHalfCplt), (8 bytes).
    Removing stm32h5xx_hal_tim.o(.text.TIM_DMAError), (94 bytes).
    Removing stm32h5xx_hal_tim.o(.ARM.exidx.text.TIM_DMAError), (8 bytes).
    Removing stm32h5xx_hal_tim.o(.text.TIM_DMA_Start_IT), (52 bytes).
    Removing stm32h5xx_hal_tim.o(.ARM.exidx.text.TIM_DMA_Start_IT), (8 bytes).
    Removing stm32h5xx_hal_tim.o(.text.HAL_TIM_Base_Stop_DMA), (72 bytes).
    Removing stm32h5xx_hal_tim.o(.ARM.exidx.text.HAL_TIM_Base_Stop_DMA), (8 bytes).
    Removing stm32h5xx_hal_tim.o(.text.HAL_TIM_OC_Init), (98 bytes).
    Removing stm32h5xx_hal_tim.o(.ARM.exidx.text.HAL_TIM_OC_Init), (8 bytes).
    Removing stm32h5xx_hal_tim.o(.text.HAL_TIM_OC_MspInit), (2 bytes).
    Removing stm32h5xx_hal_tim.o(.ARM.exidx.text.HAL_TIM_OC_MspInit), (8 bytes).
    Removing stm32h5xx_hal_tim.o(.text.HAL_TIM_OC_DeInit), (104 bytes).
    Removing stm32h5xx_hal_tim.o(.ARM.exidx.text.HAL_TIM_OC_DeInit), (8 bytes).
    Removing stm32h5xx_hal_tim.o(.text.HAL_TIM_OC_MspDeInit), (2 bytes).
    Removing stm32h5xx_hal_tim.o(.ARM.exidx.text.HAL_TIM_OC_MspDeInit), (8 bytes).
    Removing stm32h5xx_hal_tim.o(.text.HAL_TIM_OC_Start), (588 bytes).
    Removing stm32h5xx_hal_tim.o(.ARM.exidx.text.HAL_TIM_OC_Start), (8 bytes).
    Removing stm32h5xx_hal_tim.o(.text.TIM_CCxChannelCmd), (36 bytes).
    Removing stm32h5xx_hal_tim.o(.ARM.exidx.text.TIM_CCxChannelCmd), (8 bytes).
    Removing stm32h5xx_hal_tim.o(.text.HAL_TIM_OC_Stop), (274 bytes).
    Removing stm32h5xx_hal_tim.o(.ARM.exidx.text.HAL_TIM_OC_Stop), (8 bytes).
    Removing stm32h5xx_hal_tim.o(.text.HAL_TIM_OC_Start_IT), (706 bytes).
    Removing stm32h5xx_hal_tim.o(.ARM.exidx.text.HAL_TIM_OC_Start_IT), (8 bytes).
    Removing stm32h5xx_hal_tim.o(.text.HAL_TIM_OC_Stop_IT), (252 bytes).
    Removing stm32h5xx_hal_tim.o(.ARM.exidx.text.HAL_TIM_OC_Stop_IT), (8 bytes).
    Removing stm32h5xx_hal_tim.o(.text.HAL_TIM_OC_Start_DMA), (1210 bytes).
    Removing stm32h5xx_hal_tim.o(.ARM.exidx.text.HAL_TIM_OC_Start_DMA), (8 bytes).
    Removing stm32h5xx_hal_tim.o(.text.TIM_DMADelayPulseCplt), (56 bytes).
    Removing stm32h5xx_hal_tim.o(.ARM.exidx.text.TIM_DMADelayPulseCplt), (8 bytes).
    Removing stm32h5xx_hal_tim.o(.text.TIM_DMADelayPulseHalfCplt), (56 bytes).
    Removing stm32h5xx_hal_tim.o(.ARM.exidx.text.TIM_DMADelayPulseHalfCplt), (8 bytes).
    Removing stm32h5xx_hal_tim.o(.text.HAL_TIM_OC_Stop_DMA), (262 bytes).
    Removing stm32h5xx_hal_tim.o(.ARM.exidx.text.HAL_TIM_OC_Stop_DMA), (8 bytes).
    Removing stm32h5xx_hal_tim.o(.text.HAL_TIM_PWM_Init), (98 bytes).
    Removing stm32h5xx_hal_tim.o(.ARM.exidx.text.HAL_TIM_PWM_Init), (8 bytes).
    Removing stm32h5xx_hal_tim.o(.text.HAL_TIM_PWM_MspInit), (2 bytes).
    Removing stm32h5xx_hal_tim.o(.ARM.exidx.text.HAL_TIM_PWM_MspInit), (8 bytes).
    Removing stm32h5xx_hal_tim.o(.text.HAL_TIM_PWM_DeInit), (104 bytes).
    Removing stm32h5xx_hal_tim.o(.ARM.exidx.text.HAL_TIM_PWM_DeInit), (8 bytes).
    Removing stm32h5xx_hal_tim.o(.text.HAL_TIM_PWM_MspDeInit), (2 bytes).
    Removing stm32h5xx_hal_tim.o(.ARM.exidx.text.HAL_TIM_PWM_MspDeInit), (8 bytes).
    Removing stm32h5xx_hal_tim.o(.text.HAL_TIM_PWM_Start), (588 bytes).
    Removing stm32h5xx_hal_tim.o(.ARM.exidx.text.HAL_TIM_PWM_Start), (8 bytes).
    Removing stm32h5xx_hal_tim.o(.text.HAL_TIM_PWM_Stop), (274 bytes).
    Removing stm32h5xx_hal_tim.o(.ARM.exidx.text.HAL_TIM_PWM_Stop), (8 bytes).
    Removing stm32h5xx_hal_tim.o(.text.HAL_TIM_PWM_Start_IT), (706 bytes).
    Removing stm32h5xx_hal_tim.o(.ARM.exidx.text.HAL_TIM_PWM_Start_IT), (8 bytes).
    Removing stm32h5xx_hal_tim.o(.text.HAL_TIM_PWM_Stop_IT), (252 bytes).
    Removing stm32h5xx_hal_tim.o(.ARM.exidx.text.HAL_TIM_PWM_Stop_IT), (8 bytes).
    Removing stm32h5xx_hal_tim.o(.text.HAL_TIM_PWM_Start_DMA), (1210 bytes).
    Removing stm32h5xx_hal_tim.o(.ARM.exidx.text.HAL_TIM_PWM_Start_DMA), (8 bytes).
    Removing stm32h5xx_hal_tim.o(.text.HAL_TIM_PWM_Stop_DMA), (262 bytes).
    Removing stm32h5xx_hal_tim.o(.ARM.exidx.text.HAL_TIM_PWM_Stop_DMA), (8 bytes).
    Removing stm32h5xx_hal_tim.o(.text.HAL_TIM_IC_Init), (98 bytes).
    Removing stm32h5xx_hal_tim.o(.ARM.exidx.text.HAL_TIM_IC_Init), (8 bytes).
    Removing stm32h5xx_hal_tim.o(.text.HAL_TIM_IC_MspInit), (2 bytes).
    Removing stm32h5xx_hal_tim.o(.ARM.exidx.text.HAL_TIM_IC_MspInit), (8 bytes).
    Removing stm32h5xx_hal_tim.o(.text.HAL_TIM_IC_DeInit), (104 bytes).
    Removing stm32h5xx_hal_tim.o(.ARM.exidx.text.HAL_TIM_IC_DeInit), (8 bytes).
    Removing stm32h5xx_hal_tim.o(.text.HAL_TIM_IC_MspDeInit), (2 bytes).
    Removing stm32h5xx_hal_tim.o(.ARM.exidx.text.HAL_TIM_IC_MspDeInit), (8 bytes).
    Removing stm32h5xx_hal_tim.o(.text.HAL_TIM_IC_Start), (504 bytes).
    Removing stm32h5xx_hal_tim.o(.ARM.exidx.text.HAL_TIM_IC_Start), (8 bytes).
    Removing stm32h5xx_hal_tim.o(.text.HAL_TIM_IC_Stop), (184 bytes).
    Removing stm32h5xx_hal_tim.o(.ARM.exidx.text.HAL_TIM_IC_Stop), (8 bytes).
    Removing stm32h5xx_hal_tim.o(.text.HAL_TIM_IC_Start_IT), (560 bytes).
    Removing stm32h5xx_hal_tim.o(.ARM.exidx.text.HAL_TIM_IC_Start_IT), (8 bytes).
    Removing stm32h5xx_hal_tim.o(.text.HAL_TIM_IC_Stop_IT), (216 bytes).
    Removing stm32h5xx_hal_tim.o(.ARM.exidx.text.HAL_TIM_IC_Stop_IT), (8 bytes).
    Removing stm32h5xx_hal_tim.o(.text.HAL_TIM_IC_Start_DMA), (940 bytes).
    Removing stm32h5xx_hal_tim.o(.ARM.exidx.text.HAL_TIM_IC_Start_DMA), (8 bytes).
    Removing stm32h5xx_hal_tim.o(.text.TIM_DMACaptureCplt), (56 bytes).
    Removing stm32h5xx_hal_tim.o(.ARM.exidx.text.TIM_DMACaptureCplt), (8 bytes).
    Removing stm32h5xx_hal_tim.o(.text.TIM_DMACaptureHalfCplt), (56 bytes).
    Removing stm32h5xx_hal_tim.o(.ARM.exidx.text.TIM_DMACaptureHalfCplt), (8 bytes).
    Removing stm32h5xx_hal_tim.o(.text.HAL_TIM_IC_Stop_DMA), (222 bytes).
    Removing stm32h5xx_hal_tim.o(.ARM.exidx.text.HAL_TIM_IC_Stop_DMA), (8 bytes).
    Removing stm32h5xx_hal_tim.o(.text.HAL_TIM_OnePulse_Init), (92 bytes).
    Removing stm32h5xx_hal_tim.o(.ARM.exidx.text.HAL_TIM_OnePulse_Init), (8 bytes).
    Removing stm32h5xx_hal_tim.o(.text.HAL_TIM_OnePulse_MspInit), (2 bytes).
    Removing stm32h5xx_hal_tim.o(.ARM.exidx.text.HAL_TIM_OnePulse_MspInit), (8 bytes).
    Removing stm32h5xx_hal_tim.o(.text.HAL_TIM_OnePulse_DeInit), (80 bytes).
    Removing stm32h5xx_hal_tim.o(.ARM.exidx.text.HAL_TIM_OnePulse_DeInit), (8 bytes).
    Removing stm32h5xx_hal_tim.o(.text.HAL_TIM_OnePulse_MspDeInit), (2 bytes).
    Removing stm32h5xx_hal_tim.o(.ARM.exidx.text.HAL_TIM_OnePulse_MspDeInit), (8 bytes).
    Removing stm32h5xx_hal_tim.o(.text.HAL_TIM_OnePulse_Start), (194 bytes).
    Removing stm32h5xx_hal_tim.o(.ARM.exidx.text.HAL_TIM_OnePulse_Start), (8 bytes).
    Removing stm32h5xx_hal_tim.o(.text.HAL_TIM_OnePulse_Stop), (208 bytes).
    Removing stm32h5xx_hal_tim.o(.ARM.exidx.text.HAL_TIM_OnePulse_Stop), (8 bytes).
    Removing stm32h5xx_hal_tim.o(.text.HAL_TIM_OnePulse_Start_IT), (210 bytes).
    Removing stm32h5xx_hal_tim.o(.ARM.exidx.text.HAL_TIM_OnePulse_Start_IT), (8 bytes).
    Removing stm32h5xx_hal_tim.o(.text.HAL_TIM_OnePulse_Stop_IT), (224 bytes).
    Removing stm32h5xx_hal_tim.o(.ARM.exidx.text.HAL_TIM_OnePulse_Stop_IT), (8 bytes).
    Removing stm32h5xx_hal_tim.o(.text.HAL_TIM_Encoder_Init), (180 bytes).
    Removing stm32h5xx_hal_tim.o(.ARM.exidx.text.HAL_TIM_Encoder_Init), (8 bytes).
    Removing stm32h5xx_hal_tim.o(.text.HAL_TIM_Encoder_MspInit), (2 bytes).
    Removing stm32h5xx_hal_tim.o(.ARM.exidx.text.HAL_TIM_Encoder_MspInit), (8 bytes).
    Removing stm32h5xx_hal_tim.o(.text.HAL_TIM_Encoder_DeInit), (80 bytes).
    Removing stm32h5xx_hal_tim.o(.ARM.exidx.text.HAL_TIM_Encoder_DeInit), (8 bytes).
    Removing stm32h5xx_hal_tim.o(.text.HAL_TIM_Encoder_MspDeInit), (2 bytes).
    Removing stm32h5xx_hal_tim.o(.ARM.exidx.text.HAL_TIM_Encoder_MspDeInit), (8 bytes).
    Removing stm32h5xx_hal_tim.o(.text.HAL_TIM_Encoder_Start), (188 bytes).
    Removing stm32h5xx_hal_tim.o(.ARM.exidx.text.HAL_TIM_Encoder_Start), (8 bytes).
    Removing stm32h5xx_hal_tim.o(.text.HAL_TIM_Encoder_Stop), (130 bytes).
    Removing stm32h5xx_hal_tim.o(.ARM.exidx.text.HAL_TIM_Encoder_Stop), (8 bytes).
    Removing stm32h5xx_hal_tim.o(.text.HAL_TIM_Encoder_Start_IT), (230 bytes).
    Removing stm32h5xx_hal_tim.o(.ARM.exidx.text.HAL_TIM_Encoder_Start_IT), (8 bytes).
    Removing stm32h5xx_hal_tim.o(.text.HAL_TIM_Encoder_Stop_IT), (214 bytes).
    Removing stm32h5xx_hal_tim.o(.ARM.exidx.text.HAL_TIM_Encoder_Stop_IT), (8 bytes).
    Removing stm32h5xx_hal_tim.o(.text.HAL_TIM_Encoder_Start_DMA), (704 bytes).
    Removing stm32h5xx_hal_tim.o(.ARM.exidx.text.HAL_TIM_Encoder_Start_DMA), (8 bytes).
    Removing stm32h5xx_hal_tim.o(.text.HAL_TIM_Encoder_Stop_DMA), (230 bytes).
    Removing stm32h5xx_hal_tim.o(.ARM.exidx.text.HAL_TIM_Encoder_Stop_DMA), (8 bytes).
    Removing stm32h5xx_hal_tim.o(.text.HAL_TIM_IRQHandler), (460 bytes).
    Removing stm32h5xx_hal_tim.o(.ARM.exidx.text.HAL_TIM_IRQHandler), (8 bytes).
    Removing stm32h5xx_hal_tim.o(.text.HAL_TIM_IC_CaptureCallback), (2 bytes).
    Removing stm32h5xx_hal_tim.o(.ARM.exidx.text.HAL_TIM_IC_CaptureCallback), (8 bytes).
    Removing stm32h5xx_hal_tim.o(.text.HAL_TIM_OC_DelayElapsedCallback), (2 bytes).
    Removing stm32h5xx_hal_tim.o(.ARM.exidx.text.HAL_TIM_OC_DelayElapsedCallback), (8 bytes).
    Removing stm32h5xx_hal_tim.o(.text.HAL_TIM_PWM_PulseFinishedCallback), (2 bytes).
    Removing stm32h5xx_hal_tim.o(.ARM.exidx.text.HAL_TIM_PWM_PulseFinishedCallback), (8 bytes).
    Removing stm32h5xx_hal_tim.o(.text.HAL_TIM_PeriodElapsedCallback), (2 bytes).
    Removing stm32h5xx_hal_tim.o(.ARM.exidx.text.HAL_TIM_PeriodElapsedCallback), (8 bytes).
    Removing stm32h5xx_hal_tim.o(.text.HAL_TIM_TriggerCallback), (2 bytes).
    Removing stm32h5xx_hal_tim.o(.ARM.exidx.text.HAL_TIM_TriggerCallback), (8 bytes).
    Removing stm32h5xx_hal_tim.o(.text.HAL_TIM_OC_ConfigChannel), (644 bytes).
    Removing stm32h5xx_hal_tim.o(.ARM.exidx.text.HAL_TIM_OC_ConfigChannel), (8 bytes).
    Removing stm32h5xx_hal_tim.o(.text.TIM_OC1_SetConfig), (232 bytes).
    Removing stm32h5xx_hal_tim.o(.ARM.exidx.text.TIM_OC1_SetConfig), (8 bytes).
    Removing stm32h5xx_hal_tim.o(.text.TIM_OC2_SetConfig), (226 bytes).
    Removing stm32h5xx_hal_tim.o(.ARM.exidx.text.TIM_OC2_SetConfig), (8 bytes).
    Removing stm32h5xx_hal_tim.o(.text.TIM_OC4_SetConfig), (226 bytes).
    Removing stm32h5xx_hal_tim.o(.ARM.exidx.text.TIM_OC4_SetConfig), (8 bytes).
    Removing stm32h5xx_hal_tim.o(.text.HAL_TIM_IC_ConfigChannel), (306 bytes).
    Removing stm32h5xx_hal_tim.o(.ARM.exidx.text.HAL_TIM_IC_ConfigChannel), (8 bytes).
    Removing stm32h5xx_hal_tim.o(.text.TIM_TI1_SetConfig), (306 bytes).
    Removing stm32h5xx_hal_tim.o(.ARM.exidx.text.TIM_TI1_SetConfig), (8 bytes).
    Removing stm32h5xx_hal_tim.o(.text.HAL_TIM_PWM_ConfigChannel), (776 bytes).
    Removing stm32h5xx_hal_tim.o(.ARM.exidx.text.HAL_TIM_PWM_ConfigChannel), (8 bytes).
    Removing stm32h5xx_hal_tim.o(.text.HAL_TIM_OnePulse_ConfigChannel), (760 bytes).
    Removing stm32h5xx_hal_tim.o(.ARM.exidx.text.HAL_TIM_OnePulse_ConfigChannel), (8 bytes).
    Removing stm32h5xx_hal_tim.o(.text.HAL_TIM_DMABurst_WriteStart), (336 bytes).
    Removing stm32h5xx_hal_tim.o(.ARM.exidx.text.HAL_TIM_DMABurst_WriteStart), (8 bytes).
    Removing stm32h5xx_hal_tim.o(.text.HAL_TIM_DMABurst_MultiWriteStart), (1098 bytes).
    Removing stm32h5xx_hal_tim.o(.ARM.exidx.text.HAL_TIM_DMABurst_MultiWriteStart), (8 bytes).
    Removing stm32h5xx_hal_tim.o(.text.TIM_DMATriggerCplt), (6 bytes).
    Removing stm32h5xx_hal_tim.o(.ARM.exidx.text.TIM_DMATriggerCplt), (8 bytes).
    Removing stm32h5xx_hal_tim.o(.text.TIM_DMATriggerHalfCplt), (6 bytes).
    Removing stm32h5xx_hal_tim.o(.ARM.exidx.text.TIM_DMATriggerHalfCplt), (8 bytes).
    Removing stm32h5xx_hal_tim.o(.text.HAL_TIM_DMABurst_WriteStop), (118 bytes).
    Removing stm32h5xx_hal_tim.o(.ARM.exidx.text.HAL_TIM_DMABurst_WriteStop), (8 bytes).
    Removing stm32h5xx_hal_tim.o(.text.HAL_TIM_DMABurst_ReadStart), (336 bytes).
    Removing stm32h5xx_hal_tim.o(.ARM.exidx.text.HAL_TIM_DMABurst_ReadStart), (8 bytes).
    Removing stm32h5xx_hal_tim.o(.text.HAL_TIM_DMABurst_MultiReadStart), (1098 bytes).
    Removing stm32h5xx_hal_tim.o(.ARM.exidx.text.HAL_TIM_DMABurst_MultiReadStart), (8 bytes).
    Removing stm32h5xx_hal_tim.o(.text.HAL_TIM_DMABurst_ReadStop), (118 bytes).
    Removing stm32h5xx_hal_tim.o(.ARM.exidx.text.HAL_TIM_DMABurst_ReadStop), (8 bytes).
    Removing stm32h5xx_hal_tim.o(.text.HAL_TIM_GenerateEvent), (36 bytes).
    Removing stm32h5xx_hal_tim.o(.ARM.exidx.text.HAL_TIM_GenerateEvent), (8 bytes).
    Removing stm32h5xx_hal_tim.o(.text.HAL_TIM_ConfigOCrefClear), (292 bytes).
    Removing stm32h5xx_hal_tim.o(.ARM.exidx.text.HAL_TIM_ConfigOCrefClear), (8 bytes).
    Removing stm32h5xx_hal_tim.o(.text.TIM_ETR_SetConfig), (20 bytes).
    Removing stm32h5xx_hal_tim.o(.ARM.exidx.text.TIM_ETR_SetConfig), (8 bytes).
    Removing stm32h5xx_hal_tim.o(.text.HAL_TIM_ConfigClockSource), (560 bytes).
    Removing stm32h5xx_hal_tim.o(.ARM.exidx.text.HAL_TIM_ConfigClockSource), (8 bytes).
    Removing stm32h5xx_hal_tim.o(.text.HAL_TIM_ConfigTI1Input), (16 bytes).
    Removing stm32h5xx_hal_tim.o(.ARM.exidx.text.HAL_TIM_ConfigTI1Input), (8 bytes).
    Removing stm32h5xx_hal_tim.o(.text.HAL_TIM_SlaveConfigSynchro), (88 bytes).
    Removing stm32h5xx_hal_tim.o(.ARM.exidx.text.HAL_TIM_SlaveConfigSynchro), (8 bytes).
    Removing stm32h5xx_hal_tim.o(.text.TIM_SlaveTimer_SetConfig), (422 bytes).
    Removing stm32h5xx_hal_tim.o(.ARM.exidx.text.TIM_SlaveTimer_SetConfig), (8 bytes).
    Removing stm32h5xx_hal_tim.o(.text.HAL_TIM_SlaveConfigSynchro_IT), (88 bytes).
    Removing stm32h5xx_hal_tim.o(.ARM.exidx.text.HAL_TIM_SlaveConfigSynchro_IT), (8 bytes).
    Removing stm32h5xx_hal_tim.o(.text.HAL_TIM_ReadCapturedValue), (22 bytes).
    Removing stm32h5xx_hal_tim.o(.ARM.exidx.text.HAL_TIM_ReadCapturedValue), (8 bytes).
    Removing stm32h5xx_hal_tim.o(.text.HAL_TIM_PeriodElapsedHalfCpltCallback), (2 bytes).
    Removing stm32h5xx_hal_tim.o(.ARM.exidx.text.HAL_TIM_PeriodElapsedHalfCpltCallback), (8 bytes).
    Removing stm32h5xx_hal_tim.o(.text.HAL_TIM_IC_CaptureHalfCpltCallback), (2 bytes).
    Removing stm32h5xx_hal_tim.o(.ARM.exidx.text.HAL_TIM_IC_CaptureHalfCpltCallback), (8 bytes).
    Removing stm32h5xx_hal_tim.o(.text.HAL_TIM_PWM_PulseFinishedHalfCpltCallback), (2 bytes).
    Removing stm32h5xx_hal_tim.o(.ARM.exidx.text.HAL_TIM_PWM_PulseFinishedHalfCpltCallback), (8 bytes).
    Removing stm32h5xx_hal_tim.o(.text.HAL_TIM_TriggerHalfCpltCallback), (2 bytes).
    Removing stm32h5xx_hal_tim.o(.ARM.exidx.text.HAL_TIM_TriggerHalfCpltCallback), (8 bytes).
    Removing stm32h5xx_hal_tim.o(.text.HAL_TIM_ErrorCallback), (2 bytes).
    Removing stm32h5xx_hal_tim.o(.ARM.exidx.text.HAL_TIM_ErrorCallback), (8 bytes).
    Removing stm32h5xx_hal_tim.o(.text.HAL_TIM_Base_GetState), (6 bytes).
    Removing stm32h5xx_hal_tim.o(.ARM.exidx.text.HAL_TIM_Base_GetState), (8 bytes).
    Removing stm32h5xx_hal_tim.o(.text.HAL_TIM_OC_GetState), (6 bytes).
    Removing stm32h5xx_hal_tim.o(.ARM.exidx.text.HAL_TIM_OC_GetState), (8 bytes).
    Removing stm32h5xx_hal_tim.o(.text.HAL_TIM_PWM_GetState), (6 bytes).
    Removing stm32h5xx_hal_tim.o(.ARM.exidx.text.HAL_TIM_PWM_GetState), (8 bytes).
    Removing stm32h5xx_hal_tim.o(.text.HAL_TIM_IC_GetState), (6 bytes).
    Removing stm32h5xx_hal_tim.o(.ARM.exidx.text.HAL_TIM_IC_GetState), (8 bytes).
    Removing stm32h5xx_hal_tim.o(.text.HAL_TIM_OnePulse_GetState), (6 bytes).
    Removing stm32h5xx_hal_tim.o(.ARM.exidx.text.HAL_TIM_OnePulse_GetState), (8 bytes).
    Removing stm32h5xx_hal_tim.o(.text.HAL_TIM_Encoder_GetState), (6 bytes).
    Removing stm32h5xx_hal_tim.o(.ARM.exidx.text.HAL_TIM_Encoder_GetState), (8 bytes).
    Removing stm32h5xx_hal_tim.o(.text.HAL_TIM_GetActiveChannel), (4 bytes).
    Removing stm32h5xx_hal_tim.o(.ARM.exidx.text.HAL_TIM_GetActiveChannel), (8 bytes).
    Removing stm32h5xx_hal_tim.o(.text.HAL_TIM_GetChannelState), (22 bytes).
    Removing stm32h5xx_hal_tim.o(.ARM.exidx.text.HAL_TIM_GetChannelState), (8 bytes).
    Removing stm32h5xx_hal_tim.o(.text.HAL_TIM_DMABurstState), (6 bytes).
    Removing stm32h5xx_hal_tim.o(.ARM.exidx.text.HAL_TIM_DMABurstState), (8 bytes).
    Removing stm32h5xx_hal_tim.o(.rodata.cst16), (48 bytes).
    Removing stm32h5xx_hal_tim_ex.o(.text), (0 bytes).
    Removing stm32h5xx_hal_tim_ex.o(.text.HAL_TIMEx_HallSensor_Init), (212 bytes).
    Removing stm32h5xx_hal_tim_ex.o(.ARM.exidx.text.HAL_TIMEx_HallSensor_Init), (8 bytes).
    Removing stm32h5xx_hal_tim_ex.o(.text.HAL_TIMEx_HallSensor_MspInit), (2 bytes).
    Removing stm32h5xx_hal_tim_ex.o(.ARM.exidx.text.HAL_TIMEx_HallSensor_MspInit), (8 bytes).
    Removing stm32h5xx_hal_tim_ex.o(.text.HAL_TIMEx_HallSensor_DeInit), (80 bytes).
    Removing stm32h5xx_hal_tim_ex.o(.ARM.exidx.text.HAL_TIMEx_HallSensor_DeInit), (8 bytes).
    Removing stm32h5xx_hal_tim_ex.o(.text.HAL_TIMEx_HallSensor_MspDeInit), (2 bytes).
    Removing stm32h5xx_hal_tim_ex.o(.ARM.exidx.text.HAL_TIMEx_HallSensor_MspDeInit), (8 bytes).
    Removing stm32h5xx_hal_tim_ex.o(.text.HAL_TIMEx_HallSensor_Start), (362 bytes).
    Removing stm32h5xx_hal_tim_ex.o(.ARM.exidx.text.HAL_TIMEx_HallSensor_Start), (8 bytes).
    Removing stm32h5xx_hal_tim_ex.o(.text.HAL_TIMEx_HallSensor_Stop), (66 bytes).
    Removing stm32h5xx_hal_tim_ex.o(.ARM.exidx.text.HAL_TIMEx_HallSensor_Stop), (8 bytes).
    Removing stm32h5xx_hal_tim_ex.o(.text.HAL_TIMEx_HallSensor_Start_IT), (384 bytes).
    Removing stm32h5xx_hal_tim_ex.o(.ARM.exidx.text.HAL_TIMEx_HallSensor_Start_IT), (8 bytes).
    Removing stm32h5xx_hal_tim_ex.o(.text.HAL_TIMEx_HallSensor_Stop_IT), (74 bytes).
    Removing stm32h5xx_hal_tim_ex.o(.ARM.exidx.text.HAL_TIMEx_HallSensor_Stop_IT), (8 bytes).
    Removing stm32h5xx_hal_tim_ex.o(.text.HAL_TIMEx_HallSensor_Start_DMA), (434 bytes).
    Removing stm32h5xx_hal_tim_ex.o(.ARM.exidx.text.HAL_TIMEx_HallSensor_Start_DMA), (8 bytes).
    Removing stm32h5xx_hal_tim_ex.o(.text.HAL_TIMEx_HallSensor_Stop_DMA), (74 bytes).
    Removing stm32h5xx_hal_tim_ex.o(.ARM.exidx.text.HAL_TIMEx_HallSensor_Stop_DMA), (8 bytes).
    Removing stm32h5xx_hal_tim_ex.o(.text.HAL_TIMEx_OCN_Start), (404 bytes).
    Removing stm32h5xx_hal_tim_ex.o(.ARM.exidx.text.HAL_TIMEx_OCN_Start), (8 bytes).
    Removing stm32h5xx_hal_tim_ex.o(.text.HAL_TIMEx_OCN_Stop), (146 bytes).
    Removing stm32h5xx_hal_tim_ex.o(.ARM.exidx.text.HAL_TIMEx_OCN_Stop), (8 bytes).
    Removing stm32h5xx_hal_tim_ex.o(.text.HAL_TIMEx_OCN_Start_IT), (456 bytes).
    Removing stm32h5xx_hal_tim_ex.o(.ARM.exidx.text.HAL_TIMEx_OCN_Start_IT), (8 bytes).
    Removing stm32h5xx_hal_tim_ex.o(.text.HAL_TIMEx_OCN_Stop_IT), (214 bytes).
    Removing stm32h5xx_hal_tim_ex.o(.ARM.exidx.text.HAL_TIMEx_OCN_Stop_IT), (8 bytes).
    Removing stm32h5xx_hal_tim_ex.o(.text.HAL_TIMEx_OCN_Start_DMA), (774 bytes).
    Removing stm32h5xx_hal_tim_ex.o(.ARM.exidx.text.HAL_TIMEx_OCN_Start_DMA), (8 bytes).
    Removing stm32h5xx_hal_tim_ex.o(.text.TIM_DMADelayPulseNCplt), (56 bytes).
    Removing stm32h5xx_hal_tim_ex.o(.ARM.exidx.text.TIM_DMADelayPulseNCplt), (8 bytes).
    Removing stm32h5xx_hal_tim_ex.o(.text.TIM_DMAErrorCCxN), (86 bytes).
    Removing stm32h5xx_hal_tim_ex.o(.ARM.exidx.text.TIM_DMAErrorCCxN), (8 bytes).
    Removing stm32h5xx_hal_tim_ex.o(.text.HAL_TIMEx_OCN_Stop_DMA), (176 bytes).
    Removing stm32h5xx_hal_tim_ex.o(.ARM.exidx.text.HAL_TIMEx_OCN_Stop_DMA), (8 bytes).
    Removing stm32h5xx_hal_tim_ex.o(.text.HAL_TIMEx_PWMN_Start), (404 bytes).
    Removing stm32h5xx_hal_tim_ex.o(.ARM.exidx.text.HAL_TIMEx_PWMN_Start), (8 bytes).
    Removing stm32h5xx_hal_tim_ex.o(.text.HAL_TIMEx_PWMN_Stop), (146 bytes).
    Removing stm32h5xx_hal_tim_ex.o(.ARM.exidx.text.HAL_TIMEx_PWMN_Stop), (8 bytes).
    Removing stm32h5xx_hal_tim_ex.o(.text.HAL_TIMEx_PWMN_Start_IT), (456 bytes).
    Removing stm32h5xx_hal_tim_ex.o(.ARM.exidx.text.HAL_TIMEx_PWMN_Start_IT), (8 bytes).
    Removing stm32h5xx_hal_tim_ex.o(.text.HAL_TIMEx_PWMN_Stop_IT), (214 bytes).
    Removing stm32h5xx_hal_tim_ex.o(.ARM.exidx.text.HAL_TIMEx_PWMN_Stop_IT), (8 bytes).
    Removing stm32h5xx_hal_tim_ex.o(.text.HAL_TIMEx_PWMN_Start_DMA), (774 bytes).
    Removing stm32h5xx_hal_tim_ex.o(.ARM.exidx.text.HAL_TIMEx_PWMN_Start_DMA), (8 bytes).
    Removing stm32h5xx_hal_tim_ex.o(.text.HAL_TIMEx_PWMN_Stop_DMA), (176 bytes).
    Removing stm32h5xx_hal_tim_ex.o(.ARM.exidx.text.HAL_TIMEx_PWMN_Stop_DMA), (8 bytes).
    Removing stm32h5xx_hal_tim_ex.o(.text.HAL_TIMEx_OnePulseN_Start), (126 bytes).
    Removing stm32h5xx_hal_tim_ex.o(.ARM.exidx.text.HAL_TIMEx_OnePulseN_Start), (8 bytes).
    Removing stm32h5xx_hal_tim_ex.o(.text.HAL_TIMEx_OnePulseN_Stop), (128 bytes).
    Removing stm32h5xx_hal_tim_ex.o(.ARM.exidx.text.HAL_TIMEx_OnePulseN_Stop), (8 bytes).
    Removing stm32h5xx_hal_tim_ex.o(.text.HAL_TIMEx_OnePulseN_Start_IT), (142 bytes).
    Removing stm32h5xx_hal_tim_ex.o(.ARM.exidx.text.HAL_TIMEx_OnePulseN_Start_IT), (8 bytes).
    Removing stm32h5xx_hal_tim_ex.o(.text.HAL_TIMEx_OnePulseN_Stop_IT), (144 bytes).
    Removing stm32h5xx_hal_tim_ex.o(.ARM.exidx.text.HAL_TIMEx_OnePulseN_Stop_IT), (8 bytes).
    Removing stm32h5xx_hal_tim_ex.o(.text.HAL_TIMEx_ConfigCommutEvent), (120 bytes).
    Removing stm32h5xx_hal_tim_ex.o(.ARM.exidx.text.HAL_TIMEx_ConfigCommutEvent), (8 bytes).
    Removing stm32h5xx_hal_tim_ex.o(.text.HAL_TIMEx_ConfigCommutEvent_IT), (120 bytes).
    Removing stm32h5xx_hal_tim_ex.o(.ARM.exidx.text.HAL_TIMEx_ConfigCommutEvent_IT), (8 bytes).
    Removing stm32h5xx_hal_tim_ex.o(.text.HAL_TIMEx_ConfigCommutEvent_DMA), (156 bytes).
    Removing stm32h5xx_hal_tim_ex.o(.ARM.exidx.text.HAL_TIMEx_ConfigCommutEvent_DMA), (8 bytes).
    Removing stm32h5xx_hal_tim_ex.o(.text.TIMEx_DMACommutationCplt), (12 bytes).
    Removing stm32h5xx_hal_tim_ex.o(.ARM.exidx.text.TIMEx_DMACommutationCplt), (8 bytes).
    Removing stm32h5xx_hal_tim_ex.o(.text.TIMEx_DMACommutationHalfCplt), (12 bytes).
    Removing stm32h5xx_hal_tim_ex.o(.ARM.exidx.text.TIMEx_DMACommutationHalfCplt), (8 bytes).
    Removing stm32h5xx_hal_tim_ex.o(.ARM.exidx.text.HAL_TIMEx_MasterConfigSynchronization), (8 bytes).
    Removing stm32h5xx_hal_tim_ex.o(.text.HAL_TIMEx_ConfigBreakDeadTime), (236 bytes).
    Removing stm32h5xx_hal_tim_ex.o(.ARM.exidx.text.HAL_TIMEx_ConfigBreakDeadTime), (8 bytes).
    Removing stm32h5xx_hal_tim_ex.o(.text.HAL_TIMEx_ConfigBreakInput), (112 bytes).
    Removing stm32h5xx_hal_tim_ex.o(.ARM.exidx.text.HAL_TIMEx_ConfigBreakInput), (8 bytes).
    Removing stm32h5xx_hal_tim_ex.o(.text.HAL_TIMEx_RemapConfig), (34 bytes).
    Removing stm32h5xx_hal_tim_ex.o(.ARM.exidx.text.HAL_TIMEx_RemapConfig), (8 bytes).
    Removing stm32h5xx_hal_tim_ex.o(.text.HAL_TIMEx_TISelection), (76 bytes).
    Removing stm32h5xx_hal_tim_ex.o(.ARM.exidx.text.HAL_TIMEx_TISelection), (8 bytes).
    Removing stm32h5xx_hal_tim_ex.o(.text.HAL_TIMEx_GroupChannel5), (48 bytes).
    Removing stm32h5xx_hal_tim_ex.o(.ARM.exidx.text.HAL_TIMEx_GroupChannel5), (8 bytes).
    Removing stm32h5xx_hal_tim_ex.o(.text.HAL_TIMEx_DisarmBreakInput), (80 bytes).
    Removing stm32h5xx_hal_tim_ex.o(.ARM.exidx.text.HAL_TIMEx_DisarmBreakInput), (8 bytes).
    Removing stm32h5xx_hal_tim_ex.o(.text.HAL_TIMEx_ReArmBreakInput), (124 bytes).
    Removing stm32h5xx_hal_tim_ex.o(.ARM.exidx.text.HAL_TIMEx_ReArmBreakInput), (8 bytes).
    Removing stm32h5xx_hal_tim_ex.o(.text.HAL_TIMEx_DitheringEnable), (14 bytes).
    Removing stm32h5xx_hal_tim_ex.o(.ARM.exidx.text.HAL_TIMEx_DitheringEnable), (8 bytes).
    Removing stm32h5xx_hal_tim_ex.o(.text.HAL_TIMEx_DitheringDisable), (14 bytes).
    Removing stm32h5xx_hal_tim_ex.o(.ARM.exidx.text.HAL_TIMEx_DitheringDisable), (8 bytes).
    Removing stm32h5xx_hal_tim_ex.o(.text.HAL_TIMEx_OC_ConfigPulseOnCompare), (56 bytes).
    Removing stm32h5xx_hal_tim_ex.o(.ARM.exidx.text.HAL_TIMEx_OC_ConfigPulseOnCompare), (8 bytes).
    Removing stm32h5xx_hal_tim_ex.o(.text.HAL_TIMEx_ConfigSlaveModePreload), (16 bytes).
    Removing stm32h5xx_hal_tim_ex.o(.ARM.exidx.text.HAL_TIMEx_ConfigSlaveModePreload), (8 bytes).
    Removing stm32h5xx_hal_tim_ex.o(.text.HAL_TIMEx_EnableSlaveModePreload), (14 bytes).
    Removing stm32h5xx_hal_tim_ex.o(.ARM.exidx.text.HAL_TIMEx_EnableSlaveModePreload), (8 bytes).
    Removing stm32h5xx_hal_tim_ex.o(.text.HAL_TIMEx_DisableSlaveModePreload), (14 bytes).
    Removing stm32h5xx_hal_tim_ex.o(.ARM.exidx.text.HAL_TIMEx_DisableSlaveModePreload), (8 bytes).
    Removing stm32h5xx_hal_tim_ex.o(.text.HAL_TIMEx_EnableDeadTimePreload), (14 bytes).
    Removing stm32h5xx_hal_tim_ex.o(.ARM.exidx.text.HAL_TIMEx_EnableDeadTimePreload), (8 bytes).
    Removing stm32h5xx_hal_tim_ex.o(.text.HAL_TIMEx_DisableDeadTimePreload), (14 bytes).
    Removing stm32h5xx_hal_tim_ex.o(.ARM.exidx.text.HAL_TIMEx_DisableDeadTimePreload), (8 bytes).
    Removing stm32h5xx_hal_tim_ex.o(.text.HAL_TIMEx_ConfigDeadTime), (16 bytes).
    Removing stm32h5xx_hal_tim_ex.o(.ARM.exidx.text.HAL_TIMEx_ConfigDeadTime), (8 bytes).
    Removing stm32h5xx_hal_tim_ex.o(.text.HAL_TIMEx_ConfigAsymmetricalDeadTime), (16 bytes).
    Removing stm32h5xx_hal_tim_ex.o(.ARM.exidx.text.HAL_TIMEx_ConfigAsymmetricalDeadTime), (8 bytes).
    Removing stm32h5xx_hal_tim_ex.o(.text.HAL_TIMEx_EnableAsymmetricalDeadTime), (14 bytes).
    Removing stm32h5xx_hal_tim_ex.o(.ARM.exidx.text.HAL_TIMEx_EnableAsymmetricalDeadTime), (8 bytes).
    Removing stm32h5xx_hal_tim_ex.o(.text.HAL_TIMEx_DisableAsymmetricalDeadTime), (14 bytes).
    Removing stm32h5xx_hal_tim_ex.o(.ARM.exidx.text.HAL_TIMEx_DisableAsymmetricalDeadTime), (8 bytes).
    Removing stm32h5xx_hal_tim_ex.o(.text.HAL_TIMEx_ConfigEncoderIndex), (86 bytes).
    Removing stm32h5xx_hal_tim_ex.o(.ARM.exidx.text.HAL_TIMEx_ConfigEncoderIndex), (8 bytes).
    Removing stm32h5xx_hal_tim_ex.o(.text.HAL_TIMEx_EnableEncoderIndex), (14 bytes).
    Removing stm32h5xx_hal_tim_ex.o(.ARM.exidx.text.HAL_TIMEx_EnableEncoderIndex), (8 bytes).
    Removing stm32h5xx_hal_tim_ex.o(.text.HAL_TIMEx_DisableEncoderIndex), (14 bytes).
    Removing stm32h5xx_hal_tim_ex.o(.ARM.exidx.text.HAL_TIMEx_DisableEncoderIndex), (8 bytes).
    Removing stm32h5xx_hal_tim_ex.o(.text.HAL_TIMEx_EnableEncoderFirstIndex), (14 bytes).
    Removing stm32h5xx_hal_tim_ex.o(.ARM.exidx.text.HAL_TIMEx_EnableEncoderFirstIndex), (8 bytes).
    Removing stm32h5xx_hal_tim_ex.o(.text.HAL_TIMEx_DisableEncoderFirstIndex), (14 bytes).
    Removing stm32h5xx_hal_tim_ex.o(.ARM.exidx.text.HAL_TIMEx_DisableEncoderFirstIndex), (8 bytes).
    Removing stm32h5xx_hal_tim_ex.o(.text.HAL_TIMEx_CommutCallback), (2 bytes).
    Removing stm32h5xx_hal_tim_ex.o(.ARM.exidx.text.HAL_TIMEx_CommutCallback), (8 bytes).
    Removing stm32h5xx_hal_tim_ex.o(.text.HAL_TIMEx_CommutHalfCpltCallback), (2 bytes).
    Removing stm32h5xx_hal_tim_ex.o(.ARM.exidx.text.HAL_TIMEx_CommutHalfCpltCallback), (8 bytes).
    Removing stm32h5xx_hal_tim_ex.o(.text.HAL_TIMEx_BreakCallback), (2 bytes).
    Removing stm32h5xx_hal_tim_ex.o(.ARM.exidx.text.HAL_TIMEx_BreakCallback), (8 bytes).
    Removing stm32h5xx_hal_tim_ex.o(.text.HAL_TIMEx_Break2Callback), (2 bytes).
    Removing stm32h5xx_hal_tim_ex.o(.ARM.exidx.text.HAL_TIMEx_Break2Callback), (8 bytes).
    Removing stm32h5xx_hal_tim_ex.o(.text.HAL_TIMEx_EncoderIndexCallback), (2 bytes).
    Removing stm32h5xx_hal_tim_ex.o(.ARM.exidx.text.HAL_TIMEx_EncoderIndexCallback), (8 bytes).
    Removing stm32h5xx_hal_tim_ex.o(.text.HAL_TIMEx_DirectionChangeCallback), (2 bytes).
    Removing stm32h5xx_hal_tim_ex.o(.ARM.exidx.text.HAL_TIMEx_DirectionChangeCallback), (8 bytes).
    Removing stm32h5xx_hal_tim_ex.o(.text.HAL_TIMEx_IndexErrorCallback), (2 bytes).
    Removing stm32h5xx_hal_tim_ex.o(.ARM.exidx.text.HAL_TIMEx_IndexErrorCallback), (8 bytes).
    Removing stm32h5xx_hal_tim_ex.o(.text.HAL_TIMEx_TransitionErrorCallback), (2 bytes).
    Removing stm32h5xx_hal_tim_ex.o(.ARM.exidx.text.HAL_TIMEx_TransitionErrorCallback), (8 bytes).
    Removing stm32h5xx_hal_tim_ex.o(.text.HAL_TIMEx_HallSensor_GetState), (6 bytes).
    Removing stm32h5xx_hal_tim_ex.o(.ARM.exidx.text.HAL_TIMEx_HallSensor_GetState), (8 bytes).
    Removing stm32h5xx_hal_tim_ex.o(.text.HAL_TIMEx_GetChannelNState), (34 bytes).
    Removing stm32h5xx_hal_tim_ex.o(.ARM.exidx.text.HAL_TIMEx_GetChannelNState), (8 bytes).
    Removing stm32h5xx_hal_tim_ex.o(.rodata.cst16), (48 bytes).
    Removing stm32h5xx_hal_pcd.o(.text), (0 bytes).
    Removing stm32h5xx_hal_pcd.o(.ARM.exidx.text.HAL_PCD_Init), (8 bytes).
    Removing stm32h5xx_hal_pcd.o(.text.HAL_PCD_MspInit), (2 bytes).
    Removing stm32h5xx_hal_pcd.o(.ARM.exidx.text.HAL_PCD_MspInit), (8 bytes).
    Removing stm32h5xx_hal_pcd.o(.text.HAL_PCD_DeInit), (46 bytes).
    Removing stm32h5xx_hal_pcd.o(.ARM.exidx.text.HAL_PCD_DeInit), (8 bytes).
    Removing stm32h5xx_hal_pcd.o(.text.HAL_PCD_MspDeInit), (2 bytes).
    Removing stm32h5xx_hal_pcd.o(.ARM.exidx.text.HAL_PCD_MspDeInit), (8 bytes).
    Removing stm32h5xx_hal_pcd.o(.text.HAL_PCD_Start), (44 bytes).
    Removing stm32h5xx_hal_pcd.o(.ARM.exidx.text.HAL_PCD_Start), (8 bytes).
    Removing stm32h5xx_hal_pcd.o(.text.HAL_PCD_Stop), (44 bytes).
    Removing stm32h5xx_hal_pcd.o(.ARM.exidx.text.HAL_PCD_Stop), (8 bytes).
    Removing stm32h5xx_hal_pcd.o(.text.HAL_PCD_IRQHandler), (2728 bytes).
    Removing stm32h5xx_hal_pcd.o(.ARM.exidx.text.HAL_PCD_IRQHandler), (8 bytes).
    Removing stm32h5xx_hal_pcd.o(.text.HAL_PCD_ResetCallback), (2 bytes).
    Removing stm32h5xx_hal_pcd.o(.ARM.exidx.text.HAL_PCD_ResetCallback), (8 bytes).
    Removing stm32h5xx_hal_pcd.o(.text.HAL_PCD_SetAddress), (40 bytes).
    Removing stm32h5xx_hal_pcd.o(.ARM.exidx.text.HAL_PCD_SetAddress), (8 bytes).
    Removing stm32h5xx_hal_pcd.o(.text.HAL_PCD_ResumeCallback), (2 bytes).
    Removing stm32h5xx_hal_pcd.o(.ARM.exidx.text.HAL_PCD_ResumeCallback), (8 bytes).
    Removing stm32h5xx_hal_pcd.o(.text.HAL_PCD_SuspendCallback), (2 bytes).
    Removing stm32h5xx_hal_pcd.o(.ARM.exidx.text.HAL_PCD_SuspendCallback), (8 bytes).
    Removing stm32h5xx_hal_pcd.o(.text.HAL_PCD_SOFCallback), (2 bytes).
    Removing stm32h5xx_hal_pcd.o(.ARM.exidx.text.HAL_PCD_SOFCallback), (8 bytes).
    Removing stm32h5xx_hal_pcd.o(.text.HAL_PCD_DataOutStageCallback), (2 bytes).
    Removing stm32h5xx_hal_pcd.o(.ARM.exidx.text.HAL_PCD_DataOutStageCallback), (8 bytes).
    Removing stm32h5xx_hal_pcd.o(.text.HAL_PCD_DataInStageCallback), (2 bytes).
    Removing stm32h5xx_hal_pcd.o(.ARM.exidx.text.HAL_PCD_DataInStageCallback), (8 bytes).
    Removing stm32h5xx_hal_pcd.o(.text.HAL_PCD_SetupStageCallback), (2 bytes).
    Removing stm32h5xx_hal_pcd.o(.ARM.exidx.text.HAL_PCD_SetupStageCallback), (8 bytes).
    Removing stm32h5xx_hal_pcd.o(.text.HAL_PCD_ISOOUTIncompleteCallback), (2 bytes).
    Removing stm32h5xx_hal_pcd.o(.ARM.exidx.text.HAL_PCD_ISOOUTIncompleteCallback), (8 bytes).
    Removing stm32h5xx_hal_pcd.o(.text.HAL_PCD_ISOINIncompleteCallback), (2 bytes).
    Removing stm32h5xx_hal_pcd.o(.ARM.exidx.text.HAL_PCD_ISOINIncompleteCallback), (8 bytes).
    Removing stm32h5xx_hal_pcd.o(.text.HAL_PCD_ConnectCallback), (2 bytes).
    Removing stm32h5xx_hal_pcd.o(.ARM.exidx.text.HAL_PCD_ConnectCallback), (8 bytes).
    Removing stm32h5xx_hal_pcd.o(.text.HAL_PCD_DisconnectCallback), (2 bytes).
    Removing stm32h5xx_hal_pcd.o(.ARM.exidx.text.HAL_PCD_DisconnectCallback), (8 bytes).
    Removing stm32h5xx_hal_pcd.o(.text.HAL_PCD_DevConnect), (38 bytes).
    Removing stm32h5xx_hal_pcd.o(.ARM.exidx.text.HAL_PCD_DevConnect), (8 bytes).
    Removing stm32h5xx_hal_pcd.o(.text.HAL_PCD_DevDisconnect), (38 bytes).
    Removing stm32h5xx_hal_pcd.o(.ARM.exidx.text.HAL_PCD_DevDisconnect), (8 bytes).
    Removing stm32h5xx_hal_pcd.o(.text.HAL_PCD_EP_Open), (92 bytes).
    Removing stm32h5xx_hal_pcd.o(.ARM.exidx.text.HAL_PCD_EP_Open), (8 bytes).
    Removing stm32h5xx_hal_pcd.o(.text.HAL_PCD_EP_Close), (80 bytes).
    Removing stm32h5xx_hal_pcd.o(.ARM.exidx.text.HAL_PCD_EP_Close), (8 bytes).
    Removing stm32h5xx_hal_pcd.o(.text.HAL_PCD_EP_Receive), (50 bytes).
    Removing stm32h5xx_hal_pcd.o(.ARM.exidx.text.HAL_PCD_EP_Receive), (8 bytes).
    Removing stm32h5xx_hal_pcd.o(.text.HAL_PCD_EP_GetRxCount), (18 bytes).
    Removing stm32h5xx_hal_pcd.o(.ARM.exidx.text.HAL_PCD_EP_GetRxCount), (8 bytes).
    Removing stm32h5xx_hal_pcd.o(.text.HAL_PCD_EP_Transmit), (54 bytes).
    Removing stm32h5xx_hal_pcd.o(.ARM.exidx.text.HAL_PCD_EP_Transmit), (8 bytes).
    Removing stm32h5xx_hal_pcd.o(.text.HAL_PCD_EP_SetStall), (100 bytes).
    Removing stm32h5xx_hal_pcd.o(.ARM.exidx.text.HAL_PCD_EP_SetStall), (8 bytes).
    Removing stm32h5xx_hal_pcd.o(.text.HAL_PCD_EP_ClrStall), (96 bytes).
    Removing stm32h5xx_hal_pcd.o(.ARM.exidx.text.HAL_PCD_EP_ClrStall), (8 bytes).
    Removing stm32h5xx_hal_pcd.o(.text.HAL_PCD_EP_Abort), (32 bytes).
    Removing stm32h5xx_hal_pcd.o(.ARM.exidx.text.HAL_PCD_EP_Abort), (8 bytes).
    Removing stm32h5xx_hal_pcd.o(.text.HAL_PCD_EP_Flush), (60 bytes).
    Removing stm32h5xx_hal_pcd.o(.ARM.exidx.text.HAL_PCD_EP_Flush), (8 bytes).
    Removing stm32h5xx_hal_pcd.o(.text.HAL_PCD_ActivateRemoteWakeup), (6 bytes).
    Removing stm32h5xx_hal_pcd.o(.ARM.exidx.text.HAL_PCD_ActivateRemoteWakeup), (8 bytes).
    Removing stm32h5xx_hal_pcd.o(.text.HAL_PCD_DeActivateRemoteWakeup), (6 bytes).
    Removing stm32h5xx_hal_pcd.o(.ARM.exidx.text.HAL_PCD_DeActivateRemoteWakeup), (8 bytes).
    Removing stm32h5xx_hal_pcd.o(.text.HAL_PCD_GetState), (6 bytes).
    Removing stm32h5xx_hal_pcd.o(.ARM.exidx.text.HAL_PCD_GetState), (8 bytes).
    Removing stm32h5xx_hal_pcd_ex.o(.text), (0 bytes).
    Removing stm32h5xx_hal_pcd_ex.o(.text.HAL_PCDEx_PMAConfig), (76 bytes).
    Removing stm32h5xx_hal_pcd_ex.o(.ARM.exidx.text.HAL_PCDEx_PMAConfig), (8 bytes).
    Removing stm32h5xx_hal_pcd_ex.o(.text.HAL_PCDEx_ActivateBCD), (44 bytes).
    Removing stm32h5xx_hal_pcd_ex.o(.ARM.exidx.text.HAL_PCDEx_ActivateBCD), (8 bytes).
    Removing stm32h5xx_hal_pcd_ex.o(.text.HAL_PCDEx_DeActivateBCD), (20 bytes).
    Removing stm32h5xx_hal_pcd_ex.o(.ARM.exidx.text.HAL_PCDEx_DeActivateBCD), (8 bytes).
    Removing stm32h5xx_hal_pcd_ex.o(.text.HAL_PCDEx_BCD_VBUSDetect), (164 bytes).
    Removing stm32h5xx_hal_pcd_ex.o(.ARM.exidx.text.HAL_PCDEx_BCD_VBUSDetect), (8 bytes).
    Removing stm32h5xx_hal_pcd_ex.o(.text.HAL_PCDEx_BCD_Callback), (2 bytes).
    Removing stm32h5xx_hal_pcd_ex.o(.ARM.exidx.text.HAL_PCDEx_BCD_Callback), (8 bytes).
    Removing stm32h5xx_hal_pcd_ex.o(.ARM.exidx.text.HAL_PCDEx_ActivateLPM), (8 bytes).
    Removing stm32h5xx_hal_pcd_ex.o(.text.HAL_PCDEx_DeActivateLPM), (28 bytes).
    Removing stm32h5xx_hal_pcd_ex.o(.ARM.exidx.text.HAL_PCDEx_DeActivateLPM), (8 bytes).
    Removing stm32h5xx_hal_pcd_ex.o(.text.HAL_PCDEx_LPM_Callback), (2 bytes).
    Removing stm32h5xx_hal_pcd_ex.o(.ARM.exidx.text.HAL_PCDEx_LPM_Callback), (8 bytes).
    Removing stm32h5xx_ll_usb.o(.text), (0 bytes).
    Removing stm32h5xx_ll_usb.o(.ARM.exidx.text.USB_CoreInit), (8 bytes).
    Removing stm32h5xx_ll_usb.o(.text.USB_EnableGlobalInt), (14 bytes).
    Removing stm32h5xx_ll_usb.o(.ARM.exidx.text.USB_EnableGlobalInt), (8 bytes).
    Removing stm32h5xx_ll_usb.o(.ARM.exidx.text.USB_DisableGlobalInt), (8 bytes).
    Removing stm32h5xx_ll_usb.o(.ARM.exidx.text.USB_SetCurrentMode), (8 bytes).
    Removing stm32h5xx_ll_usb.o(.ARM.exidx.text.USB_DevInit), (8 bytes).
    Removing stm32h5xx_ll_usb.o(.text.USB_FlushTxFifo), (4 bytes).
    Removing stm32h5xx_ll_usb.o(.ARM.exidx.text.USB_FlushTxFifo), (8 bytes).
    Removing stm32h5xx_ll_usb.o(.text.USB_FlushRxFifo), (4 bytes).
    Removing stm32h5xx_ll_usb.o(.ARM.exidx.text.USB_FlushRxFifo), (8 bytes).
    Removing stm32h5xx_ll_usb.o(.text.USB_ActivateEndpoint), (808 bytes).
    Removing stm32h5xx_ll_usb.o(.ARM.exidx.text.USB_ActivateEndpoint), (8 bytes).
    Removing stm32h5xx_ll_usb.o(.text.USB_DeactivateEndpoint), (214 bytes).
    Removing stm32h5xx_ll_usb.o(.ARM.exidx.text.USB_DeactivateEndpoint), (8 bytes).
    Removing stm32h5xx_ll_usb.o(.text.USB_EPStartXfer), (1902 bytes).
    Removing stm32h5xx_ll_usb.o(.ARM.exidx.text.USB_EPStartXfer), (8 bytes).
    Removing stm32h5xx_ll_usb.o(.text.USB_WritePMA), (210 bytes).
    Removing stm32h5xx_ll_usb.o(.ARM.exidx.text.USB_WritePMA), (8 bytes).
    Removing stm32h5xx_ll_usb.o(.text.USB_EPSetStall), (52 bytes).
    Removing stm32h5xx_ll_usb.o(.ARM.exidx.text.USB_EPSetStall), (8 bytes).
    Removing stm32h5xx_ll_usb.o(.text.USB_EPClearStall), (116 bytes).
    Removing stm32h5xx_ll_usb.o(.ARM.exidx.text.USB_EPClearStall), (8 bytes).
    Removing stm32h5xx_ll_usb.o(.text.USB_EPStopXfer), (114 bytes).
    Removing stm32h5xx_ll_usb.o(.ARM.exidx.text.USB_EPStopXfer), (8 bytes).
    Removing stm32h5xx_ll_usb.o(.text.USB_StopDevice), (16 bytes).
    Removing stm32h5xx_ll_usb.o(.ARM.exidx.text.USB_StopDevice), (8 bytes).
    Removing stm32h5xx_ll_usb.o(.text.USB_SetDevAddress), (12 bytes).
    Removing stm32h5xx_ll_usb.o(.ARM.exidx.text.USB_SetDevAddress), (8 bytes).
    Removing stm32h5xx_ll_usb.o(.text.USB_DevConnect), (14 bytes).
    Removing stm32h5xx_ll_usb.o(.ARM.exidx.text.USB_DevConnect), (8 bytes).
    Removing stm32h5xx_ll_usb.o(.ARM.exidx.text.USB_DevDisconnect), (8 bytes).
    Removing stm32h5xx_ll_usb.o(.text.USB_ReadInterrupts), (4 bytes).
    Removing stm32h5xx_ll_usb.o(.ARM.exidx.text.USB_ReadInterrupts), (8 bytes).
    Removing stm32h5xx_ll_usb.o(.text.USB_ActivateRemoteWakeup), (14 bytes).
    Removing stm32h5xx_ll_usb.o(.ARM.exidx.text.USB_ActivateRemoteWakeup), (8 bytes).
    Removing stm32h5xx_ll_usb.o(.text.USB_DeActivateRemoteWakeup), (14 bytes).
    Removing stm32h5xx_ll_usb.o(.ARM.exidx.text.USB_DeActivateRemoteWakeup), (8 bytes).
    Removing stm32h5xx_ll_usb.o(.text.USB_ReadPMA), (210 bytes).
    Removing stm32h5xx_ll_usb.o(.ARM.exidx.text.USB_ReadPMA), (8 bytes).
    Removing stm32h5xx_ll_usb.o(.text.USB_HostInit), (38 bytes).
    Removing stm32h5xx_ll_usb.o(.ARM.exidx.text.USB_HostInit), (8 bytes).
    Removing stm32h5xx_ll_usb.o(.text.USB_ResetPort), (36 bytes).
    Removing stm32h5xx_ll_usb.o(.ARM.exidx.text.USB_ResetPort), (8 bytes).
    Removing stm32h5xx_ll_usb.o(.text.USB_GetHostSpeed), (14 bytes).
    Removing stm32h5xx_ll_usb.o(.ARM.exidx.text.USB_GetHostSpeed), (8 bytes).
    Removing stm32h5xx_ll_usb.o(.text.USB_GetCurrentFrame), (8 bytes).
    Removing stm32h5xx_ll_usb.o(.ARM.exidx.text.USB_GetCurrentFrame), (8 bytes).
    Removing stm32h5xx_ll_usb.o(.text.USB_HC_DoubleBuffer), (36 bytes).
    Removing stm32h5xx_ll_usb.o(.ARM.exidx.text.USB_HC_DoubleBuffer), (8 bytes).
    Removing stm32h5xx_ll_usb.o(.text.USB_HC_Init), (116 bytes).
    Removing stm32h5xx_ll_usb.o(.ARM.exidx.text.USB_HC_Init), (8 bytes).
    Removing stm32h5xx_ll_usb.o(.text.USB_HC_StartXfer), (2332 bytes).
    Removing stm32h5xx_ll_usb.o(.ARM.exidx.text.USB_HC_StartXfer), (8 bytes).
    Removing stm32h5xx_ll_usb.o(.text.USB_HC_IN_Halt), (30 bytes).
    Removing stm32h5xx_ll_usb.o(.ARM.exidx.text.USB_HC_IN_Halt), (8 bytes).
    Removing stm32h5xx_ll_usb.o(.text.USB_HC_OUT_Halt), (30 bytes).
    Removing stm32h5xx_ll_usb.o(.ARM.exidx.text.USB_HC_OUT_Halt), (8 bytes).
    Removing stm32h5xx_ll_usb.o(.text.USB_StopHost), (32 bytes).
    Removing stm32h5xx_ll_usb.o(.ARM.exidx.text.USB_StopHost), (8 bytes).
    Removing stm32h5xx_hal_usart.o(.text), (0 bytes).
    Removing stm32h5xx_hal_usart_ex.o(.text), (0 bytes).
    Removing stm32h5xx_hal_uart_ex.o(.text), (0 bytes).
    Removing stm32h5xx_hal_uart_ex.o(.text.HAL_RS485Ex_Init), (132 bytes).
    Removing stm32h5xx_hal_uart_ex.o(.ARM.exidx.text.HAL_RS485Ex_Init), (8 bytes).
    Removing stm32h5xx_hal_uart_ex.o(.text.HAL_UARTEx_WakeupCallback), (2 bytes).
    Removing stm32h5xx_hal_uart_ex.o(.ARM.exidx.text.HAL_UARTEx_WakeupCallback), (8 bytes).
    Removing stm32h5xx_hal_uart_ex.o(.text.HAL_UARTEx_RxFifoFullCallback), (2 bytes).
    Removing stm32h5xx_hal_uart_ex.o(.ARM.exidx.text.HAL_UARTEx_RxFifoFullCallback), (8 bytes).
    Removing stm32h5xx_hal_uart_ex.o(.text.HAL_UARTEx_TxFifoEmptyCallback), (2 bytes).
    Removing stm32h5xx_hal_uart_ex.o(.ARM.exidx.text.HAL_UARTEx_TxFifoEmptyCallback), (8 bytes).
    Removing stm32h5xx_hal_uart_ex.o(.text.HAL_MultiProcessorEx_AddressLength_Set), (46 bytes).
    Removing stm32h5xx_hal_uart_ex.o(.ARM.exidx.text.HAL_MultiProcessorEx_AddressLength_Set), (8 bytes).
    Removing stm32h5xx_hal_uart_ex.o(.text.HAL_UARTEx_StopModeWakeUpSourceConfig), (140 bytes).
    Removing stm32h5xx_hal_uart_ex.o(.ARM.exidx.text.HAL_UARTEx_StopModeWakeUpSourceConfig), (8 bytes).
    Removing stm32h5xx_hal_uart_ex.o(.text.HAL_UARTEx_EnableStopMode), (104 bytes).
    Removing stm32h5xx_hal_uart_ex.o(.ARM.exidx.text.HAL_UARTEx_EnableStopMode), (8 bytes).
    Removing stm32h5xx_hal_uart_ex.o(.text.HAL_UARTEx_DisableStopMode), (104 bytes).
    Removing stm32h5xx_hal_uart_ex.o(.ARM.exidx.text.HAL_UARTEx_DisableStopMode), (8 bytes).
    Removing stm32h5xx_hal_uart_ex.o(.text.HAL_UARTEx_EnableFifoMode), (122 bytes).
    Removing stm32h5xx_hal_uart_ex.o(.ARM.exidx.text.HAL_UARTEx_EnableFifoMode), (8 bytes).
    Removing stm32h5xx_hal_uart_ex.o(.text.HAL_UARTEx_DisableFifoMode), (54 bytes).
    Removing stm32h5xx_hal_uart_ex.o(.ARM.exidx.text.HAL_UARTEx_DisableFifoMode), (8 bytes).
    Removing stm32h5xx_hal_uart_ex.o(.text.HAL_UARTEx_SetTxFifoThreshold), (140 bytes).
    Removing stm32h5xx_hal_uart_ex.o(.ARM.exidx.text.HAL_UARTEx_SetTxFifoThreshold), (8 bytes).
    Removing stm32h5xx_hal_uart_ex.o(.text.HAL_UARTEx_SetRxFifoThreshold), (140 bytes).
    Removing stm32h5xx_hal_uart_ex.o(.ARM.exidx.text.HAL_UARTEx_SetRxFifoThreshold), (8 bytes).
    Removing stm32h5xx_hal_uart_ex.o(.text.HAL_UARTEx_ReceiveToIdle), (468 bytes).
    Removing stm32h5xx_hal_uart_ex.o(.ARM.exidx.text.HAL_UARTEx_ReceiveToIdle), (8 bytes).
    Removing stm32h5xx_hal_uart_ex.o(.text.HAL_UARTEx_ReceiveToIdle_IT), (158 bytes).
    Removing stm32h5xx_hal_uart_ex.o(.ARM.exidx.text.HAL_UARTEx_ReceiveToIdle_IT), (8 bytes).
    Removing stm32h5xx_hal_uart_ex.o(.text.HAL_UARTEx_ReceiveToIdle_DMA), (148 bytes).
    Removing stm32h5xx_hal_uart_ex.o(.ARM.exidx.text.HAL_UARTEx_ReceiveToIdle_DMA), (8 bytes).
    Removing stm32h5xx_hal_uart_ex.o(.text.HAL_UARTEx_GetRxEventType), (4 bytes).
    Removing stm32h5xx_hal_uart_ex.o(.ARM.exidx.text.HAL_UARTEx_GetRxEventType), (8 bytes).
    Removing stm32h5xx_hal_uart_ex.o(.rodata.cst8), (16 bytes).
    Removing stm32h5xx_hal_uart.o(.text), (0 bytes).
    Removing stm32h5xx_hal_uart.o(.ARM.exidx.text.HAL_UART_Init), (8 bytes).
    Removing stm32h5xx_hal_uart.o(.ARM.exidx.text.HAL_UART_MspInit), (8 bytes).
    Removing stm32h5xx_hal_uart.o(.ARM.exidx.text.UART_AdvFeatureConfig), (8 bytes).
    Removing stm32h5xx_hal_uart.o(.ARM.exidx.text.UART_SetConfig), (8 bytes).
    Removing stm32h5xx_hal_uart.o(.ARM.exidx.text.UART_CheckIdleState), (8 bytes).
    Removing stm32h5xx_hal_uart.o(.text.HAL_HalfDuplex_Init), (108 bytes).
    Removing stm32h5xx_hal_uart.o(.ARM.exidx.text.HAL_HalfDuplex_Init), (8 bytes).
    Removing stm32h5xx_hal_uart.o(.text.HAL_LIN_Init), (134 bytes).
    Removing stm32h5xx_hal_uart.o(.ARM.exidx.text.HAL_LIN_Init), (8 bytes).
    Removing stm32h5xx_hal_uart.o(.text.HAL_MultiProcessor_Init), (132 bytes).
    Removing stm32h5xx_hal_uart.o(.ARM.exidx.text.HAL_MultiProcessor_Init), (8 bytes).
    Removing stm32h5xx_hal_uart.o(.text.HAL_UART_DeInit), (64 bytes).
    Removing stm32h5xx_hal_uart.o(.ARM.exidx.text.HAL_UART_DeInit), (8 bytes).
    Removing stm32h5xx_hal_uart.o(.text.HAL_UART_MspDeInit), (2 bytes).
    Removing stm32h5xx_hal_uart.o(.ARM.exidx.text.HAL_UART_MspDeInit), (8 bytes).
    Removing stm32h5xx_hal_uart.o(.text.HAL_UART_Transmit), (424 bytes).
    Removing stm32h5xx_hal_uart.o(.ARM.exidx.text.HAL_UART_Transmit), (8 bytes).
    Removing stm32h5xx_hal_uart.o(.ARM.exidx.text.UART_WaitOnFlagUntilTimeout), (8 bytes).
    Removing stm32h5xx_hal_uart.o(.text.HAL_UART_Receive), (262 bytes).
    Removing stm32h5xx_hal_uart.o(.ARM.exidx.text.HAL_UART_Receive), (8 bytes).
    Removing stm32h5xx_hal_uart.o(.text.HAL_UART_Transmit_IT), (318 bytes).
    Removing stm32h5xx_hal_uart.o(.ARM.exidx.text.HAL_UART_Transmit_IT), (8 bytes).
    Removing stm32h5xx_hal_uart.o(.text.UART_TxISR_16BIT_FIFOEN), (224 bytes).
    Removing stm32h5xx_hal_uart.o(.ARM.exidx.text.UART_TxISR_16BIT_FIFOEN), (8 bytes).
    Removing stm32h5xx_hal_uart.o(.text.UART_TxISR_8BIT_FIFOEN), (220 bytes).
    Removing stm32h5xx_hal_uart.o(.ARM.exidx.text.UART_TxISR_8BIT_FIFOEN), (8 bytes).
    Removing stm32h5xx_hal_uart.o(.text.UART_TxISR_16BIT), (204 bytes).
    Removing stm32h5xx_hal_uart.o(.ARM.exidx.text.UART_TxISR_16BIT), (8 bytes).
    Removing stm32h5xx_hal_uart.o(.text.UART_TxISR_8BIT), (200 bytes).
    Removing stm32h5xx_hal_uart.o(.ARM.exidx.text.UART_TxISR_8BIT), (8 bytes).
    Removing stm32h5xx_hal_uart.o(.text.HAL_UART_Receive_IT), (194 bytes).
    Removing stm32h5xx_hal_uart.o(.ARM.exidx.text.HAL_UART_Receive_IT), (8 bytes).
    Removing stm32h5xx_hal_uart.o(.text.UART_Start_Receive_IT), (610 bytes).
    Removing stm32h5xx_hal_uart.o(.ARM.exidx.text.UART_Start_Receive_IT), (8 bytes).
    Removing stm32h5xx_hal_uart.o(.text.HAL_UART_Transmit_DMA), (300 bytes).
    Removing stm32h5xx_hal_uart.o(.ARM.exidx.text.HAL_UART_Transmit_DMA), (8 bytes).
    Removing stm32h5xx_hal_uart.o(.text.UART_DMATransmitCplt), (100 bytes).
    Removing stm32h5xx_hal_uart.o(.ARM.exidx.text.UART_DMATransmitCplt), (8 bytes).
    Removing stm32h5xx_hal_uart.o(.text.UART_DMATxHalfCplt), (6 bytes).
    Removing stm32h5xx_hal_uart.o(.ARM.exidx.text.UART_DMATxHalfCplt), (8 bytes).
    Removing stm32h5xx_hal_uart.o(.text.UART_DMAError), (474 bytes).
    Removing stm32h5xx_hal_uart.o(.ARM.exidx.text.UART_DMAError), (8 bytes).
    Removing stm32h5xx_hal_uart.o(.text.HAL_UART_Receive_DMA), (174 bytes).
    Removing stm32h5xx_hal_uart.o(.ARM.exidx.text.HAL_UART_Receive_DMA), (8 bytes).
    Removing stm32h5xx_hal_uart.o(.text.UART_Start_Receive_DMA), (390 bytes).
    Removing stm32h5xx_hal_uart.o(.ARM.exidx.text.UART_Start_Receive_DMA), (8 bytes).
    Removing stm32h5xx_hal_uart.o(.text.HAL_UART_DMAPause), (268 bytes).
    Removing stm32h5xx_hal_uart.o(.ARM.exidx.text.HAL_UART_DMAPause), (8 bytes).
    Removing stm32h5xx_hal_uart.o(.text.HAL_UART_DMAResume), (220 bytes).
    Removing stm32h5xx_hal_uart.o(.ARM.exidx.text.HAL_UART_DMAResume), (8 bytes).
    Removing stm32h5xx_hal_uart.o(.text.HAL_UART_DMAStop), (652 bytes).
    Removing stm32h5xx_hal_uart.o(.ARM.exidx.text.HAL_UART_DMAStop), (8 bytes).
    Removing stm32h5xx_hal_uart.o(.text.HAL_UART_Abort), (372 bytes).
    Removing stm32h5xx_hal_uart.o(.ARM.exidx.text.HAL_UART_Abort), (8 bytes).
    Removing stm32h5xx_hal_uart.o(.text.HAL_UART_AbortTransmit), (230 bytes).
    Removing stm32h5xx_hal_uart.o(.ARM.exidx.text.HAL_UART_AbortTransmit), (8 bytes).
    Removing stm32h5xx_hal_uart.o(.text.HAL_UART_AbortReceive), (310 bytes).
    Removing stm32h5xx_hal_uart.o(.ARM.exidx.text.HAL_UART_AbortReceive), (8 bytes).
    Removing stm32h5xx_hal_uart.o(.text.HAL_UART_Abort_IT), (424 bytes).
    Removing stm32h5xx_hal_uart.o(.ARM.exidx.text.HAL_UART_Abort_IT), (8 bytes).
    Removing stm32h5xx_hal_uart.o(.text.UART_DMATxAbortCallback), (72 bytes).
    Removing stm32h5xx_hal_uart.o(.ARM.exidx.text.UART_DMATxAbortCallback), (8 bytes).
    Removing stm32h5xx_hal_uart.o(.text.UART_DMARxAbortCallback), (62 bytes).
    Removing stm32h5xx_hal_uart.o(.ARM.exidx.text.UART_DMARxAbortCallback), (8 bytes).
    Removing stm32h5xx_hal_uart.o(.text.HAL_UART_AbortCpltCallback), (2 bytes).
    Removing stm32h5xx_hal_uart.o(.ARM.exidx.text.HAL_UART_AbortCpltCallback), (8 bytes).
    Removing stm32h5xx_hal_uart.o(.text.HAL_UART_AbortTransmit_IT), (246 bytes).
    Removing stm32h5xx_hal_uart.o(.ARM.exidx.text.HAL_UART_AbortTransmit_IT), (8 bytes).
    Removing stm32h5xx_hal_uart.o(.text.UART_DMATxOnlyAbortCallback), (36 bytes).
    Removing stm32h5xx_hal_uart.o(.ARM.exidx.text.UART_DMATxOnlyAbortCallback), (8 bytes).
    Removing stm32h5xx_hal_uart.o(.text.HAL_UART_AbortTransmitCpltCallback), (2 bytes).
    Removing stm32h5xx_hal_uart.o(.ARM.exidx.text.HAL_UART_AbortTransmitCpltCallback), (8 bytes).
    Removing stm32h5xx_hal_uart.o(.text.HAL_UART_AbortReceive_IT), (332 bytes).
    Removing stm32h5xx_hal_uart.o(.ARM.exidx.text.HAL_UART_AbortReceive_IT), (8 bytes).
    Removing stm32h5xx_hal_uart.o(.text.UART_DMARxOnlyAbortCallback), (34 bytes).
    Removing stm32h5xx_hal_uart.o(.ARM.exidx.text.UART_DMARxOnlyAbortCallback), (8 bytes).
    Removing stm32h5xx_hal_uart.o(.text.HAL_UART_AbortReceiveCpltCallback), (2 bytes).
    Removing stm32h5xx_hal_uart.o(.ARM.exidx.text.HAL_UART_AbortReceiveCpltCallback), (8 bytes).
    Removing stm32h5xx_hal_uart.o(.text.HAL_UART_IRQHandler), (1462 bytes).
    Removing stm32h5xx_hal_uart.o(.ARM.exidx.text.HAL_UART_IRQHandler), (8 bytes).
    Removing stm32h5xx_hal_uart.o(.text.UART_DMAAbortOnError), (12 bytes).
    Removing stm32h5xx_hal_uart.o(.ARM.exidx.text.UART_DMAAbortOnError), (8 bytes).
    Removing stm32h5xx_hal_uart.o(.text.HAL_UART_ErrorCallback), (2 bytes).
    Removing stm32h5xx_hal_uart.o(.ARM.exidx.text.HAL_UART_ErrorCallback), (8 bytes).
    Removing stm32h5xx_hal_uart.o(.text.HAL_UARTEx_RxEventCallback), (2 bytes).
    Removing stm32h5xx_hal_uart.o(.ARM.exidx.text.HAL_UARTEx_RxEventCallback), (8 bytes).
    Removing stm32h5xx_hal_uart.o(.text.HAL_UART_TxCpltCallback), (2 bytes).
    Removing stm32h5xx_hal_uart.o(.ARM.exidx.text.HAL_UART_TxCpltCallback), (8 bytes).
    Removing stm32h5xx_hal_uart.o(.text.HAL_UART_TxHalfCpltCallback), (2 bytes).
    Removing stm32h5xx_hal_uart.o(.ARM.exidx.text.HAL_UART_TxHalfCpltCallback), (8 bytes).
    Removing stm32h5xx_hal_uart.o(.text.HAL_UART_RxCpltCallback), (2 bytes).
    Removing stm32h5xx_hal_uart.o(.ARM.exidx.text.HAL_UART_RxCpltCallback), (8 bytes).
    Removing stm32h5xx_hal_uart.o(.text.HAL_UART_RxHalfCpltCallback), (2 bytes).
    Removing stm32h5xx_hal_uart.o(.ARM.exidx.text.HAL_UART_RxHalfCpltCallback), (8 bytes).
    Removing stm32h5xx_hal_uart.o(.text.HAL_UART_ReceiverTimeout_Config), (32 bytes).
    Removing stm32h5xx_hal_uart.o(.ARM.exidx.text.HAL_UART_ReceiverTimeout_Config), (8 bytes).
    Removing stm32h5xx_hal_uart.o(.text.HAL_UART_EnableReceiverTimeout), (74 bytes).
    Removing stm32h5xx_hal_uart.o(.ARM.exidx.text.HAL_UART_EnableReceiverTimeout), (8 bytes).
    Removing stm32h5xx_hal_uart.o(.text.HAL_UART_DisableReceiverTimeout), (74 bytes).
    Removing stm32h5xx_hal_uart.o(.ARM.exidx.text.HAL_UART_DisableReceiverTimeout), (8 bytes).
    Removing stm32h5xx_hal_uart.o(.text.HAL_MultiProcessor_EnableMuteMode), (108 bytes).
    Removing stm32h5xx_hal_uart.o(.ARM.exidx.text.HAL_MultiProcessor_EnableMuteMode), (8 bytes).
    Removing stm32h5xx_hal_uart.o(.text.HAL_MultiProcessor_DisableMuteMode), (108 bytes).
    Removing stm32h5xx_hal_uart.o(.ARM.exidx.text.HAL_MultiProcessor_DisableMuteMode), (8 bytes).
    Removing stm32h5xx_hal_uart.o(.text.HAL_MultiProcessor_EnterMuteMode), (12 bytes).
    Removing stm32h5xx_hal_uart.o(.ARM.exidx.text.HAL_MultiProcessor_EnterMuteMode), (8 bytes).
    Removing stm32h5xx_hal_uart.o(.text.HAL_HalfDuplex_EnableTransmitter), (190 bytes).
    Removing stm32h5xx_hal_uart.o(.ARM.exidx.text.HAL_HalfDuplex_EnableTransmitter), (8 bytes).
    Removing stm32h5xx_hal_uart.o(.text.HAL_HalfDuplex_EnableReceiver), (190 bytes).
    Removing stm32h5xx_hal_uart.o(.ARM.exidx.text.HAL_HalfDuplex_EnableReceiver), (8 bytes).
    Removing stm32h5xx_hal_uart.o(.text.HAL_LIN_SendBreak), (44 bytes).
    Removing stm32h5xx_hal_uart.o(.ARM.exidx.text.HAL_LIN_SendBreak), (8 bytes).
    Removing stm32h5xx_hal_uart.o(.text.HAL_UART_GetState), (12 bytes).
    Removing stm32h5xx_hal_uart.o(.ARM.exidx.text.HAL_UART_GetState), (8 bytes).
    Removing stm32h5xx_hal_uart.o(.text.HAL_UART_GetError), (6 bytes).
    Removing stm32h5xx_hal_uart.o(.ARM.exidx.text.HAL_UART_GetError), (8 bytes).
    Removing stm32h5xx_hal_uart.o(.text.UART_RxISR_16BIT_FIFOEN), (804 bytes).
    Removing stm32h5xx_hal_uart.o(.ARM.exidx.text.UART_RxISR_16BIT_FIFOEN), (8 bytes).
    Removing stm32h5xx_hal_uart.o(.text.UART_RxISR_8BIT_FIFOEN), (808 bytes).
    Removing stm32h5xx_hal_uart.o(.ARM.exidx.text.UART_RxISR_8BIT_FIFOEN), (8 bytes).
    Removing stm32h5xx_hal_uart.o(.text.UART_RxISR_16BIT), (442 bytes).
    Removing stm32h5xx_hal_uart.o(.ARM.exidx.text.UART_RxISR_16BIT), (8 bytes).
    Removing stm32h5xx_hal_uart.o(.text.UART_RxISR_8BIT), (446 bytes).
    Removing stm32h5xx_hal_uart.o(.ARM.exidx.text.UART_RxISR_8BIT), (8 bytes).
    Removing stm32h5xx_hal_uart.o(.text.UART_DMAReceiveCplt), (304 bytes).
    Removing stm32h5xx_hal_uart.o(.ARM.exidx.text.UART_DMAReceiveCplt), (8 bytes).
    Removing stm32h5xx_hal_uart.o(.text.UART_DMARxHalfCplt), (54 bytes).
    Removing stm32h5xx_hal_uart.o(.ARM.exidx.text.UART_DMARxHalfCplt), (8 bytes).
    Removing system_stm32h5xx.o(.text), (0 bytes).
    Removing system_stm32h5xx.o(.ARM.exidx.text.SystemInit), (8 bytes).
    Removing system_stm32h5xx.o(.text.SystemCoreClockUpdate), (292 bytes).
    Removing system_stm32h5xx.o(.ARM.exidx.text.SystemCoreClockUpdate), (8 bytes).
    Removing tusb.o(.text), (0 bytes).
    Removing tusb.o(.text.tusb_time_delay_ms_api), (24 bytes).
    Removing tusb.o(.ARM.exidx.text.tusb_time_delay_ms_api), (8 bytes).
    Removing tusb.o(.text.tusb_app_virt_to_phys), (2 bytes).
    Removing tusb.o(.ARM.exidx.text.tusb_app_virt_to_phys), (8 bytes).
    Removing tusb.o(.text.tusb_app_phys_to_virt), (2 bytes).
    Removing tusb.o(.ARM.exidx.text.tusb_app_phys_to_virt), (8 bytes).
    Removing tusb.o(.text.tusb_rhport_init), (84 bytes).
    Removing tusb.o(.ARM.exidx.text.tusb_rhport_init), (8 bytes).
    Removing tusb.o(.text.tusb_inited), (4 bytes).
    Removing tusb.o(.ARM.exidx.text.tusb_inited), (8 bytes).
    Removing tusb.o(.text.tusb_int_handler), (26 bytes).
    Removing tusb.o(.ARM.exidx.text.tusb_int_handler), (8 bytes).
    Removing tusb.o(.text.tusb_deinit), (60 bytes).
    Removing tusb.o(.ARM.exidx.text.tusb_deinit), (8 bytes).
    Removing tusb.o(.text.tu_desc_find), (74 bytes).
    Removing tusb.o(.ARM.exidx.text.tu_desc_find), (8 bytes).
    Removing tusb.o(.text.tu_desc_find2), (144 bytes).
    Removing tusb.o(.ARM.exidx.text.tu_desc_find2), (8 bytes).
    Removing tusb.o(.text.tu_desc_find3), (56 bytes).
    Removing tusb.o(.ARM.exidx.text.tu_desc_find3), (8 bytes).
    Removing tusb.o(.text.tu_edpt_claim), (40 bytes).
    Removing tusb.o(.ARM.exidx.text.tu_edpt_claim), (8 bytes).
    Removing tusb.o(.text.tu_edpt_release), (28 bytes).
    Removing tusb.o(.ARM.exidx.text.tu_edpt_release), (8 bytes).
    Removing tusb.o(.text.tu_bind_driver_to_ep_itf), (116 bytes).
    Removing tusb.o(.ARM.exidx.text.tu_bind_driver_to_ep_itf), (8 bytes).
    Removing tusb.o(.text.tu_edpt_stream_init), (66 bytes).
    Removing tusb.o(.ARM.exidx.text.tu_edpt_stream_init), (8 bytes).
    Removing tusb.o(.text.tu_edpt_stream_write_zlp_if_needed), (128 bytes).
    Removing tusb.o(.ARM.exidx.text.tu_edpt_stream_write_zlp_if_needed), (8 bytes).
    Removing tusb.o(.text.tu_edpt_stream_write_xfer), (188 bytes).
    Removing tusb.o(.ARM.exidx.text.tu_edpt_stream_write_xfer), (8 bytes).
    Removing tusb.o(.text.tu_edpt_stream_write), (68 bytes).
    Removing tusb.o(.ARM.exidx.text.tu_edpt_stream_write), (8 bytes).
    Removing tusb.o(.text.tu_edpt_stream_write_available), (24 bytes).
    Removing tusb.o(.ARM.exidx.text.tu_edpt_stream_write_available), (8 bytes).
    Removing tusb.o(.text.tu_edpt_stream_read_xfer), (194 bytes).
    Removing tusb.o(.ARM.exidx.text.tu_edpt_stream_read_xfer), (8 bytes).
    Removing tusb.o(.text.tu_edpt_stream_read), (26 bytes).
    Removing tusb.o(.ARM.exidx.text.tu_edpt_stream_read), (8 bytes).
    Removing tusb.o(.bss._tusb_rhport_role), (2 bytes).
    Removing tusb_fifo.o(.text), (0 bytes).
    Removing tusb_fifo.o(.text.tu_fifo_config), (30 bytes).
    Removing tusb_fifo.o(.ARM.exidx.text.tu_fifo_config), (8 bytes).
    Removing tusb_fifo.o(.text.tu_fifo_clear), (8 bytes).
    Removing tusb_fifo.o(.ARM.exidx.text.tu_fifo_clear), (8 bytes).
    Removing tusb_fifo.o(.text.tu_fifo_set_overwritable), (10 bytes).
    Removing tusb_fifo.o(.ARM.exidx.text.tu_fifo_set_overwritable), (8 bytes).
    Removing tusb_fifo.o(.text.tu_hwfifo_write), (160 bytes).
    Removing tusb_fifo.o(.ARM.exidx.text.tu_hwfifo_write), (8 bytes).
    Removing tusb_fifo.o(.text.tu_hwfifo_read), (172 bytes).
    Removing tusb_fifo.o(.ARM.exidx.text.tu_hwfifo_read), (8 bytes).
    Removing tusb_fifo.o(.text.tu_fifo_peek_n_access_mode), (904 bytes).
    Removing tusb_fifo.o(.ARM.exidx.text.tu_fifo_peek_n_access_mode), (8 bytes).
    Removing tusb_fifo.o(.text.tu_fifo_peek_n), (160 bytes).
    Removing tusb_fifo.o(.ARM.exidx.text.tu_fifo_peek_n), (8 bytes).
    Removing tusb_fifo.o(.text.tu_fifo_read_n_access_mode), (62 bytes).
    Removing tusb_fifo.o(.ARM.exidx.text.tu_fifo_read_n_access_mode), (8 bytes).
    Removing tusb_fifo.o(.text.tu_fifo_write_n_access_mode), (1146 bytes).
    Removing tusb_fifo.o(.ARM.exidx.text.tu_fifo_write_n_access_mode), (8 bytes).
    Removing tusb_fifo.o(.text.tu_fifo_discard_n), (74 bytes).
    Removing tusb_fifo.o(.ARM.exidx.text.tu_fifo_discard_n), (8 bytes).
    Removing tusb_fifo.o(.text.tu_fifo_read), (144 bytes).
    Removing tusb_fifo.o(.ARM.exidx.text.tu_fifo_read), (8 bytes).
    Removing tusb_fifo.o(.text.tu_fifo_peek), (106 bytes).
    Removing tusb_fifo.o(.ARM.exidx.text.tu_fifo_peek), (8 bytes).
    Removing tusb_fifo.o(.text.tu_fifo_write), (134 bytes).
    Removing tusb_fifo.o(.ARM.exidx.text.tu_fifo_write), (8 bytes).
    Removing tusb_fifo.o(.text.tu_fifo_advance_write_pointer), (38 bytes).
    Removing tusb_fifo.o(.ARM.exidx.text.tu_fifo_advance_write_pointer), (8 bytes).
    Removing tusb_fifo.o(.text.tu_fifo_correct_read_pointer), (16 bytes).
    Removing tusb_fifo.o(.ARM.exidx.text.tu_fifo_correct_read_pointer), (8 bytes).
    Removing tusb_fifo.o(.text.tu_fifo_advance_read_pointer), (38 bytes).
    Removing tusb_fifo.o(.ARM.exidx.text.tu_fifo_advance_read_pointer), (8 bytes).
    Removing tusb_fifo.o(.text.tu_fifo_get_read_info), (192 bytes).
    Removing tusb_fifo.o(.ARM.exidx.text.tu_fifo_get_read_info), (8 bytes).
    Removing tusb_fifo.o(.text.tu_fifo_get_write_info), (176 bytes).
    Removing tusb_fifo.o(.ARM.exidx.text.tu_fifo_get_write_info), (8 bytes).
    Removing usbd.o(.text), (0 bytes).
    Removing usbd.o(.text.tud_event_hook_cb), (2 bytes).
    Removing usbd.o(.ARM.exidx.text.tud_event_hook_cb), (8 bytes).
    Removing usbd.o(.text.tud_sof_cb), (2 bytes).
    Removing usbd.o(.ARM.exidx.text.tud_sof_cb), (8 bytes).
    Removing usbd.o(.text.tud_descriptor_bos_cb), (4 bytes).
    Removing usbd.o(.ARM.exidx.text.tud_descriptor_bos_cb), (8 bytes).
    Removing usbd.o(.text.tud_descriptor_device_qualifier_cb), (4 bytes).
    Removing usbd.o(.ARM.exidx.text.tud_descriptor_device_qualifier_cb), (8 bytes).
    Removing usbd.o(.text.tud_descriptor_other_speed_configuration_cb), (4 bytes).
    Removing usbd.o(.ARM.exidx.text.tud_descriptor_other_speed_configuration_cb), (8 bytes).
    Removing usbd.o(.text.tud_mount_cb), (2 bytes).
    Removing usbd.o(.ARM.exidx.text.tud_mount_cb), (8 bytes).
    Removing usbd.o(.text.tud_umount_cb), (2 bytes).
    Removing usbd.o(.ARM.exidx.text.tud_umount_cb), (8 bytes).
    Removing usbd.o(.text.tud_suspend_cb), (2 bytes).
    Removing usbd.o(.ARM.exidx.text.tud_suspend_cb), (8 bytes).
    Removing usbd.o(.text.tud_resume_cb), (2 bytes).
    Removing usbd.o(.ARM.exidx.text.tud_resume_cb), (8 bytes).
    Removing usbd.o(.text.tud_vendor_control_xfer_cb), (4 bytes).
    Removing usbd.o(.ARM.exidx.text.tud_vendor_control_xfer_cb), (8 bytes).
    Removing usbd.o(.text.dcd_deinit), (4 bytes).
    Removing usbd.o(.ARM.exidx.text.dcd_deinit), (8 bytes).
    Removing usbd.o(.text.dcd_connect), (2 bytes).
    Removing usbd.o(.ARM.exidx.text.dcd_connect), (8 bytes).
    Removing usbd.o(.text.dcd_disconnect), (2 bytes).
    Removing usbd.o(.ARM.exidx.text.dcd_disconnect), (8 bytes).
    Removing usbd.o(.text.dcd_dcache_clean), (4 bytes).
    Removing usbd.o(.ARM.exidx.text.dcd_dcache_clean), (8 bytes).
    Removing usbd.o(.text.dcd_dcache_invalidate), (4 bytes).
    Removing usbd.o(.ARM.exidx.text.dcd_dcache_invalidate), (8 bytes).
    Removing usbd.o(.text.dcd_dcache_clean_invalidate), (4 bytes).
    Removing usbd.o(.ARM.exidx.text.dcd_dcache_clean_invalidate), (8 bytes).
    Removing usbd.o(.text.usbd_int_set), (24 bytes).
    Removing usbd.o(.ARM.exidx.text.usbd_int_set), (8 bytes).
    Removing usbd.o(.text.usbd_app_driver_get_cb), (10 bytes).
    Removing usbd.o(.ARM.exidx.text.usbd_app_driver_get_cb), (8 bytes).
    Removing usbd.o(.text.dcd_edpt_xfer_fifo), (4 bytes).
    Removing usbd.o(.ARM.exidx.text.dcd_edpt_xfer_fifo), (8 bytes).
    Removing usbd.o(.text.dcd_configure), (4 bytes).
    Removing usbd.o(.ARM.exidx.text.dcd_configure), (8 bytes).
    Removing usbd.o(.text.tud_speed_get), (12 bytes).
    Removing usbd.o(.ARM.exidx.text.tud_speed_get), (8 bytes).
    Removing usbd.o(.text.tud_connected), (18 bytes).
    Removing usbd.o(.ARM.exidx.text.tud_connected), (8 bytes).
    Removing usbd.o(.text.tud_mounted), (18 bytes).
    Removing usbd.o(.ARM.exidx.text.tud_mounted), (8 bytes).
    Removing usbd.o(.text.tud_suspended), (18 bytes).
    Removing usbd.o(.ARM.exidx.text.tud_suspended), (8 bytes).
    Removing usbd.o(.text.tud_remote_wakeup), (44 bytes).
    Removing usbd.o(.ARM.exidx.text.tud_remote_wakeup), (8 bytes).
    Removing usbd.o(.text.tud_disconnect), (20 bytes).
    Removing usbd.o(.ARM.exidx.text.tud_disconnect), (8 bytes).
    Removing usbd.o(.text.tud_connect), (20 bytes).
    Removing usbd.o(.ARM.exidx.text.tud_connect), (8 bytes).
    Removing usbd.o(.text.tud_sof_cb_enable), (66 bytes).
    Removing usbd.o(.ARM.exidx.text.tud_sof_cb_enable), (8 bytes).
    Removing usbd.o(.text.usbd_sof_enable), (92 bytes).
    Removing usbd.o(.ARM.exidx.text.usbd_sof_enable), (8 bytes).
    Removing usbd.o(.text.tud_inited), (18 bytes).
    Removing usbd.o(.ARM.exidx.text.tud_inited), (8 bytes).
    Removing usbd.o(.text.tud_configure), (4 bytes).
    Removing usbd.o(.ARM.exidx.text.tud_configure), (8 bytes).
    Removing usbd.o(.text.tud_rhport_init), (260 bytes).
    Removing usbd.o(.ARM.exidx.text.tud_rhport_init), (8 bytes).
    Removing usbd.o(.text.tud_deinit), (174 bytes).
    Removing usbd.o(.ARM.exidx.text.tud_deinit), (8 bytes).
    Removing usbd.o(.text.tud_task_event_ready), (30 bytes).
    Removing usbd.o(.ARM.exidx.text.tud_task_event_ready), (8 bytes).
    Removing usbd.o(.text.tud_task_ext), (1632 bytes).
    Removing usbd.o(.ARM.exidx.text.tud_task_ext), (8 bytes).
    Removing usbd.o(.text.dcd_event_handler), (744 bytes).
    Removing usbd.o(.ARM.exidx.text.dcd_event_handler), (8 bytes).
    Removing usbd.o(.text.usbd_spin_lock), (42 bytes).
    Removing usbd.o(.ARM.exidx.text.usbd_spin_lock), (8 bytes).
    Removing usbd.o(.text.usbd_spin_unlock), (34 bytes).
    Removing usbd.o(.ARM.exidx.text.usbd_spin_unlock), (8 bytes).
    Removing usbd.o(.text.usbd_open_edpt_pair), (194 bytes).
    Removing usbd.o(.ARM.exidx.text.usbd_open_edpt_pair), (8 bytes).
    Removing usbd.o(.text.usbd_edpt_open), (40 bytes).
    Removing usbd.o(.ARM.exidx.text.usbd_edpt_open), (8 bytes).
    Removing usbd.o(.text.usbd_defer_func), (138 bytes).
    Removing usbd.o(.ARM.exidx.text.usbd_defer_func), (8 bytes).
    Removing usbd.o(.text.usbd_edpt_claim), (28 bytes).
    Removing usbd.o(.ARM.exidx.text.usbd_edpt_claim), (8 bytes).
    Removing usbd.o(.text.usbd_edpt_release), (28 bytes).
    Removing usbd.o(.ARM.exidx.text.usbd_edpt_release), (8 bytes).
    Removing usbd.o(.text.usbd_edpt_xfer), (138 bytes).
    Removing usbd.o(.ARM.exidx.text.usbd_edpt_xfer), (8 bytes).
    Removing usbd.o(.text.usbd_edpt_xfer_fifo), (138 bytes).
    Removing usbd.o(.ARM.exidx.text.usbd_edpt_xfer_fifo), (8 bytes).
    Removing usbd.o(.text.usbd_edpt_busy), (30 bytes).
    Removing usbd.o(.ARM.exidx.text.usbd_edpt_busy), (8 bytes).
    Removing usbd.o(.text.usbd_edpt_stall), (64 bytes).
    Removing usbd.o(.ARM.exidx.text.usbd_edpt_stall), (8 bytes).
    Removing usbd.o(.text.usbd_edpt_clear_stall), (64 bytes).
    Removing usbd.o(.ARM.exidx.text.usbd_edpt_clear_stall), (8 bytes).
    Removing usbd.o(.text.usbd_edpt_stalled), (30 bytes).
    Removing usbd.o(.ARM.exidx.text.usbd_edpt_stalled), (8 bytes).
    Removing usbd.o(.text.usbd_edpt_close), (2 bytes).
    Removing usbd.o(.ARM.exidx.text.usbd_edpt_close), (8 bytes).
    Removing usbd.o(.text.usbd_edpt_iso_alloc), (40 bytes).
    Removing usbd.o(.ARM.exidx.text.usbd_edpt_iso_alloc), (8 bytes).
    Removing usbd.o(.text.usbd_edpt_iso_activate), (96 bytes).
    Removing usbd.o(.ARM.exidx.text.usbd_edpt_iso_activate), (8 bytes).
    Removing usbd.o(.text.configuration_reset), (152 bytes).
    Removing usbd.o(.ARM.exidx.text.configuration_reset), (8 bytes).
    Removing usbd.o(.text.process_set_config), (352 bytes).
    Removing usbd.o(.ARM.exidx.text.process_set_config), (8 bytes).
    Removing usbd.o(.text.process_get_descriptor), (174 bytes).
    Removing usbd.o(.ARM.exidx.text.process_get_descriptor), (8 bytes).
    Removing usbd.o(.bss._usbd_qdef_buf), (192 bytes).
    Removing usbd.o(.bss._usbd_spin.1), (4 bytes).
    Removing usbd.o(.rodata._usbd_driver), (36 bytes).
    Removing usbd.o(.data..L_MergedGlobals), (24 bytes).
    Removing usbd.o(.bss..L_MergedGlobals.10), (67 bytes).
    Removing usbd_control.o(.text), (0 bytes).
    Removing usbd_control.o(.text.dcd_edpt0_status_complete), (2 bytes).
    Removing usbd_control.o(.ARM.exidx.text.dcd_edpt0_status_complete), (8 bytes).
    Removing usbd_control.o(.text.tud_control_status), (54 bytes).
    Removing usbd_control.o(.ARM.exidx.text.tud_control_status), (8 bytes).
    Removing usbd_control.o(.text.tud_control_xfer), (214 bytes).
    Removing usbd_control.o(.ARM.exidx.text.tud_control_xfer), (8 bytes).
    Removing usbd_control.o(.text.usbd_control_reset), (22 bytes).
    Removing usbd_control.o(.ARM.exidx.text.usbd_control_reset), (8 bytes).
    Removing usbd_control.o(.text.usbd_control_set_complete_callback), (12 bytes).
    Removing usbd_control.o(.ARM.exidx.text.usbd_control_set_complete_callback), (8 bytes).
    Removing usbd_control.o(.text.usbd_control_set_request), (24 bytes).
    Removing usbd_control.o(.ARM.exidx.text.usbd_control_set_request), (8 bytes).
    Removing usbd_control.o(.text.usbd_control_xfer_cb), (348 bytes).
    Removing usbd_control.o(.ARM.exidx.text.usbd_control_xfer_cb), (8 bytes).
    Removing usbd_control.o(.bss..L_MergedGlobals), (84 bytes).
    Removing midi_device.o(.text), (0 bytes).
    Removing midi_device.o(.text.tud_midi_rx_cb), (2 bytes).
    Removing midi_device.o(.ARM.exidx.text.tud_midi_rx_cb), (8 bytes).
    Removing midi_device.o(.text.tud_midi_n_mounted), (40 bytes).
    Removing midi_device.o(.ARM.exidx.text.tud_midi_n_mounted), (8 bytes).
    Removing midi_device.o(.text.tud_midi_n_available), (50 bytes).
    Removing midi_device.o(.ARM.exidx.text.tud_midi_n_available), (8 bytes).
    Removing midi_device.o(.text.tud_midi_n_stream_read), (222 bytes).
    Removing midi_device.o(.ARM.exidx.text.tud_midi_n_stream_read), (8 bytes).
    Removing midi_device.o(.text.tud_midi_n_packet_read), (36 bytes).
    Removing midi_device.o(.ARM.exidx.text.tud_midi_n_packet_read), (8 bytes).
    Removing midi_device.o(.text.tud_midi_n_packet_read_n), (30 bytes).
    Removing midi_device.o(.ARM.exidx.text.tud_midi_n_packet_read_n), (8 bytes).
    Removing midi_device.o(.text.tud_midi_n_stream_write), (438 bytes).
    Removing midi_device.o(.ARM.exidx.text.tud_midi_n_stream_write), (8 bytes).
    Removing midi_device.o(.text.tud_midi_n_packet_write), (72 bytes).
    Removing midi_device.o(.ARM.exidx.text.tud_midi_n_packet_write), (8 bytes).
    Removing midi_device.o(.text.tud_midi_n_packet_write_n), (74 bytes).
    Removing midi_device.o(.ARM.exidx.text.tud_midi_n_packet_write_n), (8 bytes).
    Removing midi_device.o(.text.midid_init), (76 bytes).
    Removing midi_device.o(.ARM.exidx.text.midid_init), (8 bytes).
    Removing midi_device.o(.text.midid_deinit), (4 bytes).
    Removing midi_device.o(.ARM.exidx.text.midid_deinit), (8 bytes).
    Removing midi_device.o(.text.midid_reset), (44 bytes).
    Removing midi_device.o(.ARM.exidx.text.midid_reset), (8 bytes).
    Removing midi_device.o(.text.midid_open), (372 bytes).
    Removing midi_device.o(.ARM.exidx.text.midid_open), (8 bytes).
    Removing midi_device.o(.text.midid_control_xfer_cb), (4 bytes).
    Removing midi_device.o(.ARM.exidx.text.midid_control_xfer_cb), (8 bytes).
    Removing midi_device.o(.text.midid_xfer_cb), (160 bytes).
    Removing midi_device.o(.ARM.exidx.text.midid_xfer_cb), (8 bytes).
    Removing midi_device.o(.bss._midid_itf), (192 bytes).
    Removing dcd_stm32_fsdev.o(.text), (0 bytes).
    Removing dcd_stm32_fsdev.o(.text.dcd_init), (42 bytes).
    Removing dcd_stm32_fsdev.o(.ARM.exidx.text.dcd_init), (8 bytes).
    Removing dcd_stm32_fsdev.o(.text.handle_bus_reset), (272 bytes).
    Removing dcd_stm32_fsdev.o(.ARM.exidx.text.handle_bus_reset), (8 bytes).
    Removing dcd_stm32_fsdev.o(.text.dcd_connect), (18 bytes).
    Removing dcd_stm32_fsdev.o(.ARM.exidx.text.dcd_connect), (8 bytes).
    Removing dcd_stm32_fsdev.o(.text.dcd_deinit), (10 bytes).
    Removing dcd_stm32_fsdev.o(.ARM.exidx.text.dcd_deinit), (8 bytes).
    Removing dcd_stm32_fsdev.o(.text.dcd_sof_enable), (22 bytes).
    Removing dcd_stm32_fsdev.o(.ARM.exidx.text.dcd_sof_enable), (8 bytes).
    Removing dcd_stm32_fsdev.o(.text.dcd_set_address), (24 bytes).
    Removing dcd_stm32_fsdev.o(.ARM.exidx.text.dcd_set_address), (8 bytes).
    Removing dcd_stm32_fsdev.o(.text.dcd_edpt_xfer), (172 bytes).
    Removing dcd_stm32_fsdev.o(.ARM.exidx.text.dcd_edpt_xfer), (8 bytes).
    Removing dcd_stm32_fsdev.o(.text.dcd_remote_wakeup), (30 bytes).
    Removing dcd_stm32_fsdev.o(.ARM.exidx.text.dcd_remote_wakeup), (8 bytes).
    Removing dcd_stm32_fsdev.o(.text.dcd_int_handler), (894 bytes).
    Removing dcd_stm32_fsdev.o(.ARM.exidx.text.dcd_int_handler), (8 bytes).
    Removing dcd_stm32_fsdev.o(.text.dcd_edpt0_status_complete), (50 bytes).
    Removing dcd_stm32_fsdev.o(.ARM.exidx.text.dcd_edpt0_status_complete), (8 bytes).
    Removing dcd_stm32_fsdev.o(.text.dcd_edpt_open), (332 bytes).
    Removing dcd_stm32_fsdev.o(.ARM.exidx.text.dcd_edpt_open), (8 bytes).
    Removing dcd_stm32_fsdev.o(.text.dcd_ep_alloc), (966 bytes).
    Removing dcd_stm32_fsdev.o(.ARM.exidx.text.dcd_ep_alloc), (8 bytes).
    Removing dcd_stm32_fsdev.o(.text.dcd_edpt_close_all), (108 bytes).
    Removing dcd_stm32_fsdev.o(.ARM.exidx.text.dcd_edpt_close_all), (8 bytes).
    Removing dcd_stm32_fsdev.o(.text.dcd_int_disable), (24 bytes).
    Removing dcd_stm32_fsdev.o(.ARM.exidx.text.dcd_int_disable), (8 bytes).
    Removing dcd_stm32_fsdev.o(.text.dcd_int_enable), (24 bytes).
    Removing dcd_stm32_fsdev.o(.ARM.exidx.text.dcd_int_enable), (8 bytes).
    Removing dcd_stm32_fsdev.o(.text.dcd_edpt_iso_alloc), (168 bytes).
    Removing dcd_stm32_fsdev.o(.ARM.exidx.text.dcd_edpt_iso_alloc), (8 bytes).
    Removing dcd_stm32_fsdev.o(.text.dcd_edpt_iso_activate), (130 bytes).
    Removing dcd_stm32_fsdev.o(.ARM.exidx.text.dcd_edpt_iso_activate), (8 bytes).
    Removing dcd_stm32_fsdev.o(.text.dcd_edpt_xfer_fifo), (172 bytes).
    Removing dcd_stm32_fsdev.o(.ARM.exidx.text.dcd_edpt_xfer_fifo), (8 bytes).
    Removing dcd_stm32_fsdev.o(.text.dcd_edpt_stall), (124 bytes).
    Removing dcd_stm32_fsdev.o(.ARM.exidx.text.dcd_edpt_stall), (8 bytes).
    Removing dcd_stm32_fsdev.o(.text.dcd_edpt_clear_stall), (138 bytes).
    Removing dcd_stm32_fsdev.o(.ARM.exidx.text.dcd_edpt_clear_stall), (8 bytes).
    Removing dcd_stm32_fsdev.o(.text.dcd_disconnect), (18 bytes).
    Removing dcd_stm32_fsdev.o(.ARM.exidx.text.dcd_disconnect), (8 bytes).
    Removing dcd_stm32_fsdev.o(.text.dcd_transmit_packet), (206 bytes).
    Removing dcd_stm32_fsdev.o(.ARM.exidx.text.dcd_transmit_packet), (8 bytes).
    Removing dcd_stm32_fsdev.o(.bss.remoteWakeCountdown), (1 bytes).
    Removing dcd_stm32_fsdev.o(.bss.xfer_status), (256 bytes).
    Removing dcd_stm32_fsdev.o(.bss..L_MergedGlobals), (34 bytes).
    Removing fsdev_common.o(.text), (0 bytes).
    Removing fsdev_common.o(.text.fsdev_core_reset), (160 bytes).
    Removing fsdev_common.o(.ARM.exidx.text.fsdev_core_reset), (8 bytes).
    Removing fsdev_common.o(.text.fsdev_deinit), (92 bytes).
    Removing fsdev_common.o(.ARM.exidx.text.fsdev_deinit), (8 bytes).
    Removing fsdev_common.o(.text.pma_align_buffer_size), (50 bytes).
    Removing fsdev_common.o(.ARM.exidx.text.pma_align_buffer_size), (8 bytes).
    Removing fsdev_common.o(.text.btable_set_rx_bufsize), (86 bytes).
    Removing fsdev_common.o(.ARM.exidx.text.btable_set_rx_bufsize), (8 bytes).
    Removing usb_descriptors.o(.text), (0 bytes).
    Removing usb_descriptors.o(.text.tud_descriptor_device_cb), (10 bytes).
    Removing usb_descriptors.o(.ARM.exidx.text.tud_descriptor_device_cb), (8 bytes).
    Removing usb_descriptors.o(.text.tud_descriptor_configuration_cb), (10 bytes).
    Removing usb_descriptors.o(.ARM.exidx.text.tud_descriptor_configuration_cb), (8 bytes).
    Removing usb_descriptors.o(.text.tud_descriptor_string_cb), (184 bytes).
    Removing usb_descriptors.o(.ARM.exidx.text.tud_descriptor_string_cb), (8 bytes).
    Removing usb_descriptors.o(.rodata.desc_device), (18 bytes).
    Removing usb_descriptors.o(.rodata.desc_configuration), (101 bytes).
    Removing usb_descriptors.o(.bss._desc_str), (64 bytes).
    Removing usb_descriptors.o(.rodata..compoundliteral), (2 bytes).
    Removing usb_descriptors.o(.rodata.str1.1), (45 bytes).

1749 unused section(s) (total 113375 bytes) removed from the image.
