<html>
<body>
<pre>
<h1>µVision Build Log</h1>
<h2>Tool Versions:</h2>
IDE-Version: µVision V5.43.1.0
Copyright (C) 2025 ARM Ltd and ARM Germany GmbH. All rights reserved.
License Information: Geal Docdocil
VIves
User-based license: Arm Development Studio Gold
Valid until: Jun 25 2026. Cached until: Mar 6 2026
 
Tool Versions:
Toolchain:       Arm Development Studio Gold  Version: 5.43.0.0
Toolchain Path:  C:\Users\geald\AppData\Local\Keil_v5\ARM\ARMCLANG\Bin
C Compiler:      ArmClang.exe V6.24
Assembler:       Armasm.exe V6.24
Linker/Locator:  ArmLink.exe V6.24
Library Manager: ArmAr.exe V6.24
Hex Converter:   FromElf.exe V6.24
CPU DLL:         
Dialog DLL:      
Target DLL:      STLink\ST-LINKIII-KEIL_SWO.dll V3.3.1.0
Dialog DLL:      TCM.DLL V1.56.6.0
 
<h2>Project:</h2>
C:\Users\geald\Documents\1. School\Entertainment Technology\Labo_Opdrachten\Entertainment-Technology-Labo\Labo_Opdrachten_1\MDK-ARM\Opdracht 1.uvprojx
Project File Date:  02/13/2026

<h2>Output:</h2>
*** Using Compiler 'V6.24', folder: 'C:\Users\geald\AppData\Local\Keil_v5\ARM\ARMCLANG\Bin'
Rebuild target 'Opdracht 1'
assembling startup_stm32h533xx.s...
compiling stm32h5xx_hal_dma.c...
compiling stm32h5xx_hal_rcc.c...
compiling stm32h5xx_it.c...
compiling stm32h5xx_hal_flash_ex.c...
compiling stm32h5xx_hal_pwr.c...
compiling stm32h5xx_hal_icache.c...
compiling stm32h5xx_hal_flash.c...
compiling stm32h5xx_hal_gpio.c...
compiling stm32h5xx_hal_msp.c...
compiling stm32h5xx_nucleo.c...
compiling stm32h5xx_hal_cortex.c...
compiling main.c...
compiling stm32h5xx_hal_dma_ex.c...
compiling stm32h5xx_hal_rcc_ex.c...
compiling stm32h5xx_hal_pwr_ex.c...
compiling stm32h5xx_hal.c...
compiling stm32h5xx_hal_pcd_ex.c...
compiling stm32h5xx_hal_exti.c...
compiling stm32h5xx_hal_usart_ex.c...
compiling system_stm32h5xx.c...
compiling tusb.c...
compiling usbd_control.c...
compiling stm32h5xx_hal_usart.c...
compiling stm32h5xx_hal_pcd.c...
compiling stm32h5xx_hal_uart_ex.c...
compiling tusb_fifo.c...
compiling usbd.c...
compiling stm32h5xx_ll_usb.c...
compiling usb_descriptors.c...
compiling fsdev_common.c...
compiling midi_device.c...
compiling stm32h5xx_hal_uart.c...
compiling dcd_stm32_fsdev.c...
linking...
Program Size: Code=24554 RO-data=850 RW-data=52 ZI-data=3332  
FromELF: creating hex file...
"Opdracht 1\Opdracht 1.axf" - 0 Error(s), 0 Warning(s).

<h2>Software Packages used:</h2>

Package Vendor: ARM
                https://www.keil.com/pack/ARM.CMSIS.6.3.0.pack
                ARM::CMSIS@6.3.0
                CMSIS (Common Microcontroller Software Interface Standard)
   * Component: CORE Version: 6.2.0

Package Vendor: Keil
                https://www.keil.com/pack/Keil.STM32H5xx_DFP.2.1.1.pack
                Keil::STM32H5xx_DFP@2.1.1
                STMicroelectronics STM32H5 Series Device Support

<h2>Collection of Component include folders:</h2>
  ./RTE/_Opdracht_1
  C:/Users/geald/AppData/Local/Arm/Packs/ARM/CMSIS/6.3.0/CMSIS/Core/Include

<h2>Collection of Component Files used:</h2>

   * Component: ARM::CMSIS:CORE@6.2.0
      Include file:  CMSIS/Core/Include/tz_context.h
Build Time Elapsed:  00:00:03
</pre>
</body>
</html>
